Component: ARM Compiler 5.06 update 7 (build 960) Tool: armlink [4d3601]

==============================================================================

Section Cross References

    startup_stm32f401xe.o(STACK) refers (Special) to heapauxi.o(.text) for __use_two_region_memory
    startup_stm32f401xe.o(HEAP) refers (Special) to heapauxi.o(.text) for __use_two_region_memory
    startup_stm32f401xe.o(RESET) refers (Special) to heapauxi.o(.text) for __use_two_region_memory
    startup_stm32f401xe.o(RESET) refers to startup_stm32f401xe.o(STACK) for __initial_sp
    startup_stm32f401xe.o(RESET) refers to startup_stm32f401xe.o(.text) for Reset_Handler
    startup_stm32f401xe.o(RESET) refers to stm32f4xx_it.o(i.NMI_Handler) for NMI_Handler
    startup_stm32f401xe.o(RESET) refers to stm32f4xx_it.o(i.HardFault_Handler) for HardFault_Handler
    startup_stm32f401xe.o(RESET) refers to stm32f4xx_it.o(i.MemManage_Handler) for MemManage_Handler
    startup_stm32f401xe.o(RESET) refers to stm32f4xx_it.o(i.BusFault_Handler) for BusFault_Handler
    startup_stm32f401xe.o(RESET) refers to stm32f4xx_it.o(i.UsageFault_Handler) for UsageFault_Handler
    startup_stm32f401xe.o(RESET) refers to port.o(.emb_text) for SVC_Handler
    startup_stm32f401xe.o(RESET) refers to stm32f4xx_it.o(i.DebugMon_Handler) for DebugMon_Handler
    startup_stm32f401xe.o(RESET) refers to port.o(i.SysTick_Handler) for SysTick_Handler
    startup_stm32f401xe.o(RESET) refers to stm32f4xx_it.o(i.TIM1_TRG_COM_TIM11_IRQHandler) for TIM1_TRG_COM_TIM11_IRQHandler
    startup_stm32f401xe.o(RESET) refers to stm32f4xx_it.o(i.USART1_IRQHandler) for USART1_IRQHandler
    startup_stm32f401xe.o(RESET) refers to stm32f4xx_it.o(i.USART2_IRQHandler) for USART2_IRQHandler
    startup_stm32f401xe.o(RESET) refers to stm32f4xx_it.o(i.EXTI15_10_IRQHandler) for EXTI15_10_IRQHandler
    startup_stm32f401xe.o(RESET) refers to stm32f4xx_it.o(i.USART6_IRQHandler) for USART6_IRQHandler
    startup_stm32f401xe.o(.text) refers (Special) to heapauxi.o(.text) for __use_two_region_memory
    startup_stm32f401xe.o(.text) refers to system_stm32f4xx.o(i.SystemInit) for SystemInit
    startup_stm32f401xe.o(.text) refers to __main.o(!!!main) for __main
    startup_stm32f401xe.o(.text) refers to startup_stm32f401xe.o(HEAP) for Heap_Mem
    startup_stm32f401xe.o(.text) refers to startup_stm32f401xe.o(STACK) for Stack_Mem
    ringbuffer.o(i.circular_buf_free) refers to h1_free.o(.text) for free
    ringbuffer.o(i.circular_buf_get) refers to ringbuffer.o(i.circular_buf_is_empty) for circular_buf_is_empty
    ringbuffer.o(i.circular_buf_init) refers to h1_alloc.o(.text) for malloc
    ringbuffer.o(i.circular_buf_init) refers to ringbuffer.o(i.circular_buf_reset) for circular_buf_reset
    ringbuffer.o(i.circular_buf_overwrite) refers to ringbuffer.o(i.advance_write_pointer) for advance_write_pointer
    ringbuffer.o(i.circular_buf_put) refers to ringbuffer.o(i.advance_write_pointer) for advance_write_pointer
    main.o(i.GPS_recebeByte) refers to main.o(i.ProcessRMC) for ProcessRMC
    main.o(i.GPS_recebeByte) refers to main.o(.bss) for .bss
    main.o(i.GPS_recebeByte) refers to main.o(.data) for .data
    main.o(i.HAL_GPIO_EXTI_Callback) refers to stm32f4xx_hal_cortex.o(i.HAL_NVIC_DisableIRQ) for HAL_NVIC_DisableIRQ
    main.o(i.HAL_GPIO_EXTI_Callback) refers to tasks.o(i.vTaskNotifyGiveFromISR) for vTaskNotifyGiveFromISR
    main.o(i.HAL_GPIO_EXTI_Callback) refers to main.o(.data) for .data
    main.o(i.HAL_TIM_PeriodElapsedCallback) refers to stm32f4xx_hal.o(i.HAL_IncTick) for HAL_IncTick
    main.o(i.HAL_UART_RxCpltCallback) refers to ringbuffer.o(i.circular_buf_put) for circular_buf_put
    main.o(i.HAL_UART_RxCpltCallback) refers to stm32f4xx_hal_uart.o(i.HAL_UART_Receive_IT) for HAL_UART_Receive_IT
    main.o(i.HAL_UART_RxCpltCallback) refers to tasks.o(i.vTaskNotifyGiveFromISR) for vTaskNotifyGiveFromISR
    main.o(i.HAL_UART_RxCpltCallback) refers to main.o(i.GPS_recebeByte) for GPS_recebeByte
    main.o(i.HAL_UART_RxCpltCallback) refers to main.o(.bss) for .bss
    main.o(i.HAL_UART_RxCpltCallback) refers to main.o(.data) for .data
    main.o(i.MX_ADC1_Init) refers to stm32f4xx_hal_adc.o(i.HAL_ADC_Init) for HAL_ADC_Init
    main.o(i.MX_ADC1_Init) refers to stm32f4xx_hal_adc.o(i.HAL_ADC_ConfigChannel) for HAL_ADC_ConfigChannel
    main.o(i.MX_ADC1_Init) refers to main.o(.bss) for .bss
    main.o(i.MX_GPIO_Init) refers to rt_memclr_w.o(.text) for __aeabi_memclr4
    main.o(i.MX_GPIO_Init) refers to stm32f4xx_hal_gpio.o(i.HAL_GPIO_WritePin) for HAL_GPIO_WritePin
    main.o(i.MX_GPIO_Init) refers to stm32f4xx_hal_gpio.o(i.HAL_GPIO_Init) for HAL_GPIO_Init
    main.o(i.MX_GPIO_Init) refers to stm32f4xx_hal_cortex.o(i.HAL_NVIC_SetPriority) for HAL_NVIC_SetPriority
    main.o(i.MX_GPIO_Init) refers to stm32f4xx_hal_cortex.o(i.HAL_NVIC_EnableIRQ) for HAL_NVIC_EnableIRQ
    main.o(i.ProcessRMC) refers to atoi.o(.text) for atoi
    main.o(i.ProcessRMC) refers to strlen.o(.text) for strlen
[...]
    x$fpl$dsub                               0x0800549c   Section      468  daddsub_clz.o(x$fpl$dsub)
    $v0                                      0x0800549c   Number         0  daddsub_clz.o(x$fpl$dsub)
    _dsub1                                   0x080054ad   Thumb Code     0  daddsub_clz.o(x$fpl$dsub)
    x$fpl$fpinit                             0x08005670   Section       10  fpinit.o(x$fpl$fpinit)
    $v0                                      0x08005670   Number         0  fpinit.o(x$fpl$fpinit)
    x$fpl$retnan                             0x0800567a   Section      100  retnan.o(x$fpl$retnan)
    $v0                                      0x0800567a   Number         0  retnan.o(x$fpl$retnan)
    x$fpl$scalbn                             0x080056de   Section       92  scalbn.o(x$fpl$scalbn)
    $v0                                      0x080056de   Number         0  scalbn.o(x$fpl$scalbn)
    x$fpl$trapveneer                         0x0800573a   Section       48  trapv.o(x$fpl$trapveneer)
    $v0                                      0x0800573a   Number         0  trapv.o(x$fpl$trapveneer)
    x$fpl$usenofp                            0x0800576a   Section        0  usenofp.o(x$fpl$usenofp)
    .constdata                               0x0800576c   Section      224  main.o(.constdata)
    .constdata                               0x0800584c   Section       16  system_stm32f4xx.o(.constdata)
    .constdata                               0x0800585c   Section        8  system_stm32f4xx.o(.constdata)
    .constdata                               0x08005864   Section       40  _printf_hex_int.o(.constdata)
    uc_hextab                                0x08005864   Data          20  _printf_hex_int.o(.constdata)
    lc_hextab                                0x08005878   Data          20  _printf_hex_int.o(.constdata)
    .constdata                               0x0800588c   Section       17  __printf_flags.o(.constdata)
    maptable                                 0x0800588c   Data          17  __printf_flags.o(.constdata)
    .constdata                               0x080058a0   Section      136  pow.o(.constdata)
    bp                                       0x080058a0   Data          16  pow.o(.constdata)
    dp_h                                     0x080058b0   Data          16  pow.o(.constdata)
    dp_l                                     0x080058c0   Data          16  pow.o(.constdata)
    L                                        0x080058d0   Data          48  pow.o(.constdata)
    P                                        0x08005900   Data          40  pow.o(.constdata)
    .constdata                               0x08005928   Section        8  qnan.o(.constdata)
    .conststring                             0x08005930   Section      102  main.o(.conststring)
    locale$$data                             0x080059b8   Section      272  lc_ctype_c.o(locale$$data)
    __lcctype_c_name                         0x080059bc   Data           2  lc_ctype_c.o(locale$$data)
    __lcctype_c_start                        0x080059c4   Data           0  lc_ctype_c.o(locale$$data)
    __lcctype_c_end                          0x08005ac8   Data           0  lc_ctype_c.o(locale$$data)
    .data                                    0x20000000   Section       56  main.o(.data)
    indice                                   0x20000000   Data           1  main.o(.data)
    estado                                   0x20000001   Data           1  main.o(.data)
    byteFromBufferPc                         0x20000002   Data           1  main.o(.data)
    byteFromBufferEsp                        0x20000003   Data           1  main.o(.data)
    byteReceivedEsp                          0x20000004   Data           1  main.o(.data)
    byteReceivedPc                           0x20000005   Data           1  main.o(.data)
    byteReceivedGps                          0x20000006   Data           1  main.o(.data)
    ringBufferEsp                            0x2000002c   Data           4  main.o(.data)
    ringBufferPc                             0x20000030   Data           4  main.o(.data)
    .data                                    0x20000038   Section        4  system_stm32f4xx.o(.data)
    .data                                    0x2000003c   Section       12  stm32f4xx_hal.o(.data)
    .data                                    0x20000048   Section       60  tasks.o(.data)
    uxDeletedTasksWaitingCleanUp             0x2000004c   Data           4  tasks.o(.data)
    uxCurrentNumberOfTasks                   0x20000050   Data           4  tasks.o(.data)
    xTickCount                               0x20000054   Data           4  tasks.o(.data)
    uxTopReadyPriority                       0x20000058   Data           4  tasks.o(.data)
    xSchedulerRunning                        0x2000005c   Data           4  tasks.o(.data)
    xPendedTicks                             0x20000060   Data           4  tasks.o(.data)
    xYieldPending                            0x20000064   Data           4  tasks.o(.data)
    xNumOfOverflows                          0x20000068   Data           4  tasks.o(.data)
    uxTaskNumber                             0x2000006c   Data           4  tasks.o(.data)
    xNextTaskUnblockTime                     0x20000070   Data           4  tasks.o(.data)
    xIdleTaskHandle                          0x20000074   Data           4  tasks.o(.data)
    uxSchedulerSuspended                     0x20000078   Data           4  tasks.o(.data)
    pxDelayedTaskList                        0x2000007c   Data           4  tasks.o(.data)
    pxOverflowDelayedTaskList                0x20000080   Data           4  tasks.o(.data)
    .data                                    0x20000084   Section       32  heap_4.o(.data)
    pxEnd                                    0x20000084   Data           4  heap_4.o(.data)
    xFreeBytesRemaining                      0x20000088   Data           4  heap_4.o(.data)
    xMinimumEverFreeBytesRemaining           0x2000008c   Data           4  heap_4.o(.data)
    xNumberOfSuccessfulAllocations           0x20000090   Data           4  heap_4.o(.data)
    xNumberOfSuccessfulFrees                 0x20000094   Data           4  heap_4.o(.data)
    xBlockAllocatedBit                       0x20000098   Data           4  heap_4.o(.data)
    xStart                                   0x2000009c   Data           8  heap_4.o(.data)
    .data                                    0x200000a4   Section       12  port.o(.data)
    ucMaxSysCallPriority                     0x200000a4   Data           1  port.o(.data)
    uxCriticalNesting                        0x200000a8   Data           4  port.o(.data)
    ulMaxPRIGROUPValue                       0x200000ac   Data           4  port.o(.data)
    .bss                                     0x200000b0   Section      556  main.o(.bss)
    bufferGps                                0x200000b0   Data          80  main.o(.bss)
    rxBufferEsp                              0x20000214   Data         100  main.o(.bss)
    rxBufferPc                               0x20000278   Data         100  main.o(.bss)
    .bss                                     0x200002dc   Section      596  freertos.o(.bss)
    xIdleTaskTCBBuffer                       0x200002dc   Data          84  freertos.o(.bss)
    xIdleStack                               0x20000330   Data         512  freertos.o(.bss)
    .bss                                     0x20000530   Section       72  stm32f4xx_hal_timebase_tim.o(.bss)
    .bss                                     0x20000578   Section      240  tasks.o(.bss)
    pxReadyTasksLists                        0x20000578   Data         140  tasks.o(.bss)
    xDelayedTaskList1                        0x20000604   Data          20  tasks.o(.bss)
    xDelayedTaskList2                        0x20000618   Data          20  tasks.o(.bss)
    xPendingReadyList                        0x2000062c   Data          20  tasks.o(.bss)
    xTasksWaitingTermination                 0x20000640   Data          20  tasks.o(.bss)
    xSuspendedTaskList                       0x20000654   Data          20  tasks.o(.bss)
    .bss                                     0x20000668   Section    15360  heap_4.o(.bss)
    ucHeap                                   0x20000668   Data       15360  heap_4.o(.bss)
    .bss                                     0x20004268   Section       96  libspace.o(.bss)
    HEAP                                     0x200042c8   Section      512  startup_stm32f401xe.o(HEAP)
    Heap_Mem                                 0x200042c8   Data         512  startup_stm32f401xe.o(HEAP)
    STACK                                    0x200044c8   Section     1024  startup_stm32f401xe.o(STACK)
    Stack_Mem                                0x200044c8   Data        1024  startup_stm32f401xe.o(STACK)
    __initial_sp                             0x200048c8   Data           0  startup_stm32f401xe.o(STACK)

    Global Symbols

    Symbol Name                              Value     Ov Type        Size  Object(Section)

    BuildAttributes$$THM_ISAv4$E$P$D$K$B$S$7EM$VFPi3$EXTD16$VFPS$VFMA$PE$A:L22UL41UL21$X:L11$S22US41US21$IEEE1$IW$USESV6$~STKCKD$USESV7$~SHL$OTIME$ROPI$IEEEX$EBA8$UX$STANDARDLIB$REQ8$PRES8$EABIv2 0x00000000   Number         0  anon$$obj.o ABSOLUTE
    __ARM_use_no_argv                        0x00000000   Number         0  main.o ABSOLUTE
    _printf_flags                            0x00000000   Number         0  printf_stubs.o ABSOLUTE
    _printf_return_value                     0x00000000   Number         0  printf_stubs.o ABSOLUTE
    _printf_sizespec                         0x00000000   Number         0  printf_stubs.o ABSOLUTE
    _printf_widthprec                        0x00000000   Number         0  printf_stubs.o ABSOLUTE
    __ARM_exceptions_init                     - Undefined Weak Reference
    __alloca_initialize                       - Undefined Weak Reference
    __arm_fini_                               - Undefined Weak Reference
    __arm_preinit_                            - Undefined Weak Reference
    __cpp_initialize__aeabi_                  - Undefined Weak Reference
    __cxa_finalize                            - Undefined Weak Reference
    __sigvec_lookup                           - Undefined Weak Reference
    __user_heap_extent                        - Undefined Weak Reference
    _atexit_init                              - Undefined Weak Reference
    _call_atexit_fns                          - Undefined Weak Reference
    _clock_init                               - Undefined Weak Reference
    _fp_trap_init                             - Undefined Weak Reference
    _fp_trap_shutdown                         - Undefined Weak Reference
    _get_lc_collate                           - Undefined Weak Reference
    _get_lc_monetary                          - Undefined Weak Reference
    _get_lc_numeric                           - Undefined Weak Reference
    _get_lc_time                              - Undefined Weak Reference
    _getenv_init                              - Undefined Weak Reference
    _handle_redirection                       - Undefined Weak Reference
    _initio                                   - Undefined Weak Reference
    _mutex_acquire                            - Undefined Weak Reference
    _mutex_free                               - Undefined Weak Reference
    _mutex_release                            - Undefined Weak Reference
    _printf_post_padding                      - Undefined Weak Reference
    _printf_pre_padding                       - Undefined Weak Reference
    _printf_truncate_unsigned                 - Undefined Weak Reference
    _rand_init                                - Undefined Weak Reference
    _signal_finish                            - Undefined Weak Reference
    _signal_init                              - Undefined Weak Reference
    _terminateio                              - Undefined Weak Reference
    __Vectors_Size                           0x00000194   Number         0  startup_stm32f401xe.o ABSOLUTE
    __Vectors                                0x08000000   Data           4  startup_stm32f401xe.o(RESET)
    __Vectors_End                            0x08000194   Data           0  startup_stm32f401xe.o(RESET)
    __main                                   0x08000195   Thumb Code     8  __main.o(!!!main)
    __scatterload                            0x0800019d   Thumb Code     0  __scatter.o(!!!scatter)
    __scatterload_rt2                        0x0800019d   Thumb Code    44  __scatter.o(!!!scatter)
    __scatterload_rt2_thumb_only             0x0800019d   Thumb Code     0  __scatter.o(!!!scatter)
    __scatterload_null                       0x080001ab   Thumb Code     0  __scatter.o(!!!scatter)
    __scatterload_copy                       0x080001d1   Thumb Code    26  __scatter_copy.o(!!handler_copy)
    __scatterload_zeroinit                   0x080001ed   Thumb Code    28  __scatter_zi.o(!!handler_zi)
    _printf_percent                          0x08000209   Thumb Code     0  _printf_percent.o(.ARM.Collect$$_printf_percent$$00000000)
    _printf_x                                0x08000209   Thumb Code     0  _printf_x.o(.ARM.Collect$$_printf_percent$$0000000C)
    _printf_percent_end                      0x0800020f   Thumb Code     0  _printf_percent_end.o(.ARM.Collect$$_printf_percent$$00000017)
    __rt_lib_init                            0x08000213   Thumb Code     0  libinit.o(.ARM.Collect$$libinit$$00000000)
    __rt_lib_init_fp_1                       0x08000215   Thumb Code     0  libinit2.o(.ARM.Collect$$libinit$$00000001)
    __rt_lib_init_heap_2                     0x08000219   Thumb Code     0  libinit2.o(.ARM.Collect$$libinit$$00000005)
    __rt_lib_init_preinit_1                  0x08000219   Thumb Code     0  libinit2.o(.ARM.Collect$$libinit$$00000004)
    __rt_lib_init_heap_1                     0x08000221   Thumb Code     0  libinit2.o(.ARM.Collect$$libinit$$0000000A)
    __rt_lib_init_lc_common                  0x08000221   Thumb Code     0  libinit2.o(.ARM.Collect$$libinit$$0000000F)
    __rt_lib_init_rand_1                     0x08000221   Thumb Code     0  libinit2.o(.ARM.Collect$$libinit$$0000000E)
    __rt_lib_init_user_alloc_1               0x08000221   Thumb Code     0  libinit2.o(.ARM.Collect$$libinit$$0000000C)
    __rt_lib_init_lc_collate_1               0x08000227   Thumb Code     0  libinit2.o(.ARM.Collect$$libinit$$00000011)
    __rt_lib_init_lc_ctype_2                 0x08000227   Thumb Code     0  libinit2.o(.ARM.Collect$$libinit$$00000012)
    __rt_lib_init_alloca_1                   0x08000233   Thumb Code     0  libinit2.o(.ARM.Collect$$libinit$$0000002E)
    __rt_lib_init_argv_1                     0x08000233   Thumb Code     0  libinit2.o(.ARM.Collect$$libinit$$0000002C)
    __rt_lib_init_atexit_1                   0x08000233   Thumb Code     0  libinit2.o(.ARM.Collect$$libinit$$0000001B)
    __rt_lib_init_clock_1                    0x08000233   Thumb Code     0  libinit2.o(.ARM.Collect$$libinit$$00000021)
    __rt_lib_init_cpp_1                      0x08000233   Thumb Code     0  libinit2.o(.ARM.Collect$$libinit$$00000032)
    __rt_lib_init_exceptions_1               0x08000233   Thumb Code     0  libinit2.o(.ARM.Collect$$libinit$$00000030)
    __rt_lib_init_fp_trap_1                  0x08000233   Thumb Code     0  libinit2.o(.ARM.Collect$$libinit$$0000001F)
    __rt_lib_init_getenv_1                   0x08000233   Thumb Code     0  libinit2.o(.ARM.Collect$$libinit$$00000023)
    __rt_lib_init_lc_ctype_1                 0x08000233   Thumb Code     0  libinit2.o(.ARM.Collect$$libinit$$00000013)
    __rt_lib_init_lc_monetary_1              0x08000233   Thumb Code     0  libinit2.o(.ARM.Collect$$libinit$$00000015)
    __rt_lib_init_lc_numeric_1               0x08000233   Thumb Code     0  libinit2.o(.ARM.Collect$$libinit$$00000017)
    __rt_lib_init_lc_time_1                  0x08000233   Thumb Code     0  libinit2.o(.ARM.Collect$$libinit$$00000019)
    __rt_lib_init_return                     0x08000233   Thumb Code     0  libinit2.o(.ARM.Collect$$libinit$$00000033)
    __rt_lib_init_signal_1                   0x08000233   Thumb Code     0  libinit2.o(.ARM.Collect$$libinit$$0000001D)
    __rt_lib_init_stdio_1                    0x08000233   Thumb Code     0  libinit2.o(.ARM.Collect$$libinit$$00000025)
    __rt_lib_shutdown                        0x08000235   Thumb Code     0  libshutdown.o(.ARM.Collect$$libshutdown$$00000000)
    __rt_lib_shutdown_cpp_1                  0x08000237   Thumb Code     0  libshutdown2.o(.ARM.Collect$$libshutdown$$00000004)
    __rt_lib_shutdown_fini_1                 0x08000237   Thumb Code     0  libshutdown2.o(.ARM.Collect$$libshutdown$$00000002)
    __rt_lib_shutdown_fp_trap_1              0x08000237   Thumb Code     0  libshutdown2.o(.ARM.Collect$$libshutdown$$00000009)
    __rt_lib_shutdown_heap_1                 0x08000237   Thumb Code     0  libshutdown2.o(.ARM.Collect$$libshutdown$$00000011)
    __rt_lib_shutdown_return                 0x08000237   Thumb Code     0  libshutdown2.o(.ARM.Collect$$libshutdown$$00000012)
    __rt_lib_shutdown_signal_1               0x08000237   Thumb Code     0  libshutdown2.o(.ARM.Collect$$libshutdown$$0000000C)
    __rt_lib_shutdown_stdio_1                0x08000237   Thumb Code     0  libshutdown2.o(.ARM.Collect$$libshutdown$$00000006)
    __rt_lib_shutdown_user_alloc_1           0x08000237   Thumb Code     0  libshutdown2.o(.ARM.Collect$$libshutdown$$0000000E)
    __rt_entry                               0x08000239   Thumb Code     0  __rtentry.o(.ARM.Collect$$rtentry$$00000000)
    __rt_entry_presh_1                       0x08000239   Thumb Code     0  __rtentry2.o(.ARM.Collect$$rtentry$$00000002)
    __rt_entry_sh                            0x08000239   Thumb Code     0  __rtentry4.o(.ARM.Collect$$rtentry$$00000004)
    __rt_entry_li                            0x0800023f   Thumb Code     0  __rtentry2.o(.ARM.Collect$$rtentry$$0000000A)
    __rt_entry_postsh_1                      0x0800023f   Thumb Code     0  __rtentry2.o(.ARM.Collect$$rtentry$$00000009)
    __rt_entry_main                          0x08000243   Thumb Code     0  __rtentry2.o(.ARM.Collect$$rtentry$$0000000D)
    __rt_entry_postli_1                      0x08000243   Thumb Code     0  __rtentry2.o(.ARM.Collect$$rtentry$$0000000C)
    __rt_exit                                0x0800024b   Thumb Code     0  rtexit.o(.ARM.Collect$$rtexit$$00000000)
    __rt_exit_ls                             0x0800024d   Thumb Code     0  rtexit2.o(.ARM.Collect$$rtexit$$00000003)
    __rt_exit_prels_1                        0x0800024d   Thumb Code     0  rtexit2.o(.ARM.Collect$$rtexit$$00000002)
    __rt_exit_exit                           0x08000251   Thumb Code     0  rtexit2.o(.ARM.Collect$$rtexit$$00000004)
    SVC_Handler                              0x08000259   Thumb Code    28  port.o(.emb_text)
    __asm___6_port_c_39a90d8d__prvStartFirstTask 0x08000279   Thumb Code    36  port.o(.emb_text)
    __asm___6_port_c_39a90d8d__prvEnableVFP  0x080002a1   Thumb Code    16  port.o(.emb_text)
    PendSV_Handler                           0x080002b5   Thumb Code    88  port.o(.emb_text)
    vPortGetIPSR                             0x08000311   Thumb Code     6  port.o(.emb_text)
    Reset_Handler                            0x08000319   Thumb Code     8  startup_stm32f401xe.o(.text)
    _maybe_terminate_alloc                   0x08000319   Thumb Code     0  maybetermalloc1.o(.emb_text)
    ADC_IRQHandler                           0x08000333   Thumb Code     0  startup_stm32f401xe.o(.text)
    DMA1_Stream0_IRQHandler                  0x08000333   Thumb Code     0  startup_stm32f401xe.o(.text)
    DMA1_Stream1_IRQHandler                  0x08000333   Thumb Code     0  startup_stm32f401xe.o(.text)
    DMA1_Stream2_IRQHandler                  0x08000333   Thumb Code     0  startup_stm32f401xe.o(.text)
    DMA1_Stream3_IRQHandler                  0x08000333   Thumb Code     0  startup_stm32f401xe.o(.text)
    DMA1_Stream4_IRQHandler                  0x08000333   Thumb Code     0  startup_stm32f401xe.o(.text)
    DMA1_Stream5_IRQHandler                  0x08000333   Thumb Code     0  startup_stm32f401xe.o(.text)
    DMA1_Stream6_IRQHandler                  0x08000333   Thumb Code     0  startup_stm32f401xe.o(.text)
    DMA1_Stream7_IRQHandler                  0x08000333   Thumb Code     0  startup_stm32f401xe.o(.text)
    DMA2_Stream0_IRQHandler                  0x08000333   Thumb Code     0  startup_stm32f401xe.o(.text)
    DMA2_Stream1_IRQHandler                  0x08000333   Thumb Code     0  startup_stm32f401xe.o(.text)
    DMA2_Stream2_IRQHandler                  0x08000333   Thumb Code     0  startup_stm32f401xe.o(.text)
    DMA2_Stream3_IRQHandler                  0x08000333   Thumb Code     0  startup_stm32f401xe.o(.text)
    DMA2_Stream4_IRQHandler                  0x08000333   Thumb Code     0  startup_stm32f401xe.o(.text)
    DMA2_Stream5_IRQHandler                  0x08000333   Thumb Code     0  startup_stm32f401xe.o(.text)
    DMA2_Stream6_IRQHandler                  0x08000333   Thumb Code     0  startup_stm32f401xe.o(.text)
    DMA2_Stream7_IRQHandler                  0x08000333   Thumb Code     0  startup_stm32f401xe.o(.text)
    EXTI0_IRQHandler                         0x08000333   Thumb Code     0  startup_stm32f401xe.o(.text)
    EXTI1_IRQHandler                         0x08000333   Thumb Code     0  startup_stm32f401xe.o(.text)
    EXTI2_IRQHandler                         0x08000333   Thumb Code     0  startup_stm32f401xe.o(.text)
    EXTI3_IRQHandler                         0x08000333   Thumb Code     0  startup_stm32f401xe.o(.text)
    EXTI4_IRQHandler                         0x08000333   Thumb Code     0  startup_stm32f401xe.o(.text)
    EXTI9_5_IRQHandler                       0x08000333   Thumb Code     0  startup_stm32f401xe.o(.text)
    FLASH_IRQHandler                         0x08000333   Thumb Code     0  startup_stm32f401xe.o(.text)
    FPU_IRQHandler                           0x08000333   Thumb Code     0  startup_stm32f401xe.o(.text)
    I2C1_ER_IRQHandler                       0x08000333   Thumb Code     0  startup_stm32f401xe.o(.text)
    I2C1_EV_IRQHandler                       0x08000333   Thumb Code     0  startup_stm32f401xe.o(.text)
    I2C2_ER_IRQHandler                       0x08000333   Thumb Code     0  startup_stm32f401xe.o(.text)
    I2C2_EV_IRQHandler                       0x08000333   Thumb Code     0  startup_stm32f401xe.o(.text)
    I2C3_ER_IRQHandler                       0x08000333   Thumb Code     0  startup_stm32f401xe.o(.text)
    I2C3_EV_IRQHandler                       0x08000333   Thumb Code     0  startup_stm32f401xe.o(.text)
    OTG_FS_IRQHandler                        0x08000333   Thumb Code     0  startup_stm32f401xe.o(.text)
    OTG_FS_WKUP_IRQHandler                   0x08000333   Thumb Code     0  startup_stm32f401xe.o(.text)
    PVD_IRQHandler                           0x08000333   Thumb Code     0  startup_stm32f401xe.o(.text)
    RCC_IRQHandler                           0x08000333   Thumb Code     0  startup_stm32f401xe.o(.text)
    RTC_Alarm_IRQHandler                     0x08000333   Thumb Code     0  startup_stm32f401xe.o(.text)
    RTC_WKUP_IRQHandler                      0x08000333   Thumb Code     0  startup_stm32f401xe.o(.text)
    SDIO_IRQHandler                          0x08000333   Thumb Code     0  startup_stm32f401xe.o(.text)
    SPI1_IRQHandler                          0x08000333   Thumb Code     0  startup_stm32f401xe.o(.text)
    SPI2_IRQHandler                          0x08000333   Thumb Code     0  startup_stm32f401xe.o(.text)
    SPI3_IRQHandler                          0x08000333   Thumb Code     0  startup_stm32f401xe.o(.text)
    SPI4_IRQHandler                          0x08000333   Thumb Code     0  startup_stm32f401xe.o(.text)
    TAMP_STAMP_IRQHandler                    0x08000333   Thumb Code     0  startup_stm32f401xe.o(.text)
    TIM1_BRK_TIM9_IRQHandler                 0x08000333   Thumb Code     0  startup_stm32f401xe.o(.text)
    TIM1_CC_IRQHandler                       0x08000333   Thumb Code     0  startup_stm32f401xe.o(.text)
    TIM1_UP_TIM10_IRQHandler                 0x08000333   Thumb Code     0  startup_stm32f401xe.o(.text)
    TIM2_IRQHandler                          0x08000333   Thumb Code     0  startup_stm32f401xe.o(.text)
    TIM3_IRQHandler                          0x08000333   Thumb Code     0  startup_stm32f401xe.o(.text)
    TIM4_IRQHandler                          0x08000333   Thumb Code     0  startup_stm32f401xe.o(.text)
    TIM5_IRQHandler                          0x08000333   Thumb Code     0  startup_stm32f401xe.o(.text)
    WWDG_IRQHandler                          0x08000333   Thumb Code     0  startup_stm32f401xe.o(.text)
    __user_initial_stackheap                 0x08000335   Thumb Code     0  startup_stm32f401xe.o(.text)
    malloc                                   0x08000359   Thumb Code    94  h1_alloc.o(.text)
    free                                     0x080003b7   Thumb Code    78  h1_free.o(.text)
    __aeabi_uldivmod                         0x08000405   Thumb Code     0  lludivv7m.o(.text)
    _ll_udiv                                 0x08000405   Thumb Code   238  lludivv7m.o(.text)
    __2sprintf                               0x080004f5   Thumb Code    34  noretval__2sprintf.o(.text)
    _printf_int_hex                          0x0800051d   Thumb Code    84  _printf_hex_int.o(.text)
    _printf_longlong_hex                     0x0800051d   Thumb Code     0  _printf_hex_int.o(.text)
    __printf                                 0x08000575   Thumb Code   144  __printf_flags.o(.text)
    atoi                                     0x08000609   Thumb Code    26  atoi.o(.text)
    strlen                                   0x08000623   Thumb Code    62  strlen.o(.text)
    __aeabi_memcpy4                          0x08000661   Thumb Code     0  rt_memcpy_w.o(.text)
    __aeabi_memcpy8                          0x08000661   Thumb Code     0  rt_memcpy_w.o(.text)
    __rt_memcpy_w                            0x08000661   Thumb Code   100  rt_memcpy_w.o(.text)
    _memcpy_lastbytes_aligned                0x080006a9   Thumb Code     0  rt_memcpy_w.o(.text)
    __aeabi_memclr4                          0x080006c5   Thumb Code     0  rt_memclr_w.o(.text)
    __aeabi_memclr8                          0x080006c5   Thumb Code     0  rt_memclr_w.o(.text)
    __rt_memclr_w                            0x080006c5   Thumb Code    78  rt_memclr_w.o(.text)
    _memset_w                                0x080006c9   Thumb Code     0  rt_memclr_w.o(.text)
    __use_two_region_memory                  0x08000713   Thumb Code     2  heapauxi.o(.text)
    __rt_heap_escrow                         0x08000715   Thumb Code     2  heapauxi.o(.text)
    __rt_heap_expand                         0x08000717   Thumb Code     2  heapauxi.o(.text)
    __rt_heap_descriptor                     0x08000719   Thumb Code     8  rt_heap_descriptor_intlibspace.o(.text)
    __aeabi_errno_addr                       0x08000721   Thumb Code     8  rt_errno_addr_intlibspace.o(.text)
    __errno$intlibspace                      0x08000721   Thumb Code     0  rt_errno_addr_intlibspace.o(.text)
    __rt_errno_addr$intlibspace              0x08000721   Thumb Code     0  rt_errno_addr_intlibspace.o(.text)
    __use_no_heap                            0x08000729   Thumb Code     2  hguard.o(.text)
    __heap$guard                             0x0800072b   Thumb Code     2  hguard.o(.text)
    _terminate_user_alloc                    0x0800072d   Thumb Code     2  init_alloc.o(.text)
    _init_user_alloc                         0x0800072f   Thumb Code     2  init_alloc.o(.text)
    __Heap_Full                              0x08000731   Thumb Code    34  init_alloc.o(.text)
    __Heap_Broken                            0x08000753   Thumb Code     6  init_alloc.o(.text)
    _init_alloc                              0x08000759   Thumb Code    94  init_alloc.o(.text)
    __Heap_Initialize                        0x080007b7   Thumb Code    10  h1_init.o(.text)
    __Heap_DescSize                          0x080007c1   Thumb Code     4  h1_init.o(.text)
    __read_errno                             0x080007c5   Thumb Code    10  _rserrno.o(.text)
    __set_errno                              0x080007cf   Thumb Code    12  _rserrno.o(.text)
    _printf_int_common                       0x080007db   Thumb Code   178  _printf_intcommon.o(.text)
    _printf_char_common                      0x08000897   Thumb Code    32  _printf_char_common.o(.text)
    _sputc                                   0x080008bd   Thumb Code    10  _sputc.o(.text)
    strtol                                   0x080008c7   Thumb Code   112  strtol.o(.text)
    __user_libspace                          0x08000939   Thumb Code     8  libspace.o(.text)
    __user_perproc_libspace                  0x08000939   Thumb Code     0  libspace.o(.text)
    __user_perthread_libspace                0x08000939   Thumb Code     0  libspace.o(.text)
    __rt_ctype_table                         0x08000941   Thumb Code    16  rt_ctype_table.o(.text)
    __Heap_ProvideMemory                     0x08000951   Thumb Code    52  h1_extend.o(.text)
    _strtoul                                 0x08000985   Thumb Code   158  _strtoul.o(.text)
    __rt_SIGRTMEM                            0x08000a23   Thumb Code    14  defsig_rtmem_outer.o(.text)
    __I$use$semihosting                      0x08000a31   Thumb Code     0  use_no_semi.o(.text)
    __use_no_semihosting_swi                 0x08000a31   Thumb Code     2  use_no_semi.o(.text)
    __semihosting_library_function           0x08000a33   Thumb Code     0  indicate_semi.o(.text)
    __user_setup_stackheap                   0x08000a33   Thumb Code    74  sys_stackheap_outer.o(.text)
    __rt_locale                              0x08000a7d   Thumb Code     8  rt_locale_intlibspace.o(.text)
    _chval                                   0x08000a85   Thumb Code    28  _chval.o(.text)
    exit                                     0x08000aa1   Thumb Code    18  exit.o(.text)
    __sig_exit                               0x08000ab3   Thumb Code    10  defsig_exit.o(.text)
    __rt_SIGRTMEM_inner                      0x08000abd   Thumb Code    22  defsig_rtmem_inner.o(.text)
    _sys_exit                                0x08000b0d   Thumb Code     8  sys_exit.o(.text)
    __default_signal_display                 0x08000b19   Thumb Code    50  defsig_general.o(.text)
    strcmp                                   0x08000b4d   Thumb Code   128  strcmpv7m.o(.text)
    _ttywrch                                 0x08000bcd   Thumb Code    14  sys_wrch.o(.text)
    BusFault_Handler                         0x08000d05   Thumb Code     2  stm32f4xx_it.o(i.BusFault_Handler)
    DebugMon_Handler                         0x08000d07   Thumb Code     2  stm32f4xx_it.o(i.DebugMon_Handler)
    EXTI15_10_IRQHandler                     0x08000d09   Thumb Code     8  stm32f4xx_it.o(i.EXTI15_10_IRQHandler)
    GPS_recebeByte                           0x08000d11   Thumb Code    92  main.o(i.GPS_recebeByte)
    HAL_ADC_ConfigChannel                    0x08000d75   Thumb Code   316  stm32f4xx_hal_adc.o(i.HAL_ADC_ConfigChannel)
    HAL_ADC_GetValue                         0x08000ec1   Thumb Code     6  stm32f4xx_hal_adc.o(i.HAL_ADC_GetValue)
    HAL_ADC_Init                             0x08000ec7   Thumb Code    84  stm32f4xx_hal_adc.o(i.HAL_ADC_Init)
    HAL_ADC_MspInit                          0x08000f1d   Thumb Code    84  stm32f4xx_hal_msp.o(i.HAL_ADC_MspInit)
    HAL_ADC_PollForConversion                0x08000f7d   Thumb Code   170  stm32f4xx_hal_adc.o(i.HAL_ADC_PollForConversion)
    HAL_ADC_Start                            0x08001029   Thumb Code   188  stm32f4xx_hal_adc.o(i.HAL_ADC_Start)
    HAL_DMA_Abort                            0x080010f5   Thumb Code   146  stm32f4xx_hal_dma.o(i.HAL_DMA_Abort)
    HAL_DMA_Abort_IT                         0x08001187   Thumb Code    36  stm32f4xx_hal_dma.o(i.HAL_DMA_Abort_IT)
    HAL_GPIO_EXTI_Callback                   0x080011ad   Thumb Code    52  main.o(i.HAL_GPIO_EXTI_Callback)
    HAL_GPIO_EXTI_IRQHandler                 0x080011e9   Thumb Code    18  stm32f4xx_hal_gpio.o(i.HAL_GPIO_EXTI_IRQHandler)
    HAL_GPIO_Init                            0x08001201   Thumb Code   446  stm32f4xx_hal_gpio.o(i.HAL_GPIO_Init)
    HAL_GPIO_TogglePin                       0x080013e1   Thumb Code    16  stm32f4xx_hal_gpio.o(i.HAL_GPIO_TogglePin)
    HAL_GPIO_WritePin                        0x080013f1   Thumb Code    10  stm32f4xx_hal_gpio.o(i.HAL_GPIO_WritePin)
    HAL_GetTick                              0x080013fd   Thumb Code     6  stm32f4xx_hal.o(i.HAL_GetTick)
    HAL_IncTick                              0x08001409   Thumb Code    12  stm32f4xx_hal.o(i.HAL_IncTick)
    HAL_Init                                 0x08001419   Thumb Code    48  stm32f4xx_hal.o(i.HAL_Init)
    HAL_InitTick                             0x0800144d   Thumb Code    98  stm32f4xx_hal_timebase_tim.o(i.HAL_InitTick)
    HAL_MspInit                              0x080014c1   Thumb Code    52  stm32f4xx_hal_msp.o(i.HAL_MspInit)
    HAL_NVIC_DisableIRQ                      0x080014f9   Thumb Code    34  stm32f4xx_hal_cortex.o(i.HAL_NVIC_DisableIRQ)
    HAL_NVIC_EnableIRQ                       0x0800151b   Thumb Code    26  stm32f4xx_hal_cortex.o(i.HAL_NVIC_EnableIRQ)
    HAL_NVIC_SetPriority                     0x08001535   Thumb Code    60  stm32f4xx_hal_cortex.o(i.HAL_NVIC_SetPriority)
    HAL_NVIC_SetPriorityGrouping             0x08001575   Thumb Code    26  stm32f4xx_hal_cortex.o(i.HAL_NVIC_SetPriorityGrouping)
    HAL_RCC_ClockConfig                      0x08001599   Thumb Code   288  stm32f4xx_hal_rcc.o(i.HAL_RCC_ClockConfig)
    HAL_RCC_GetClockConfig                   0x080016cd   Thumb Code    54  stm32f4xx_hal_rcc.o(i.HAL_RCC_GetClockConfig)
    HAL_RCC_GetPCLK1Freq                     0x0800170d   Thumb Code    20  stm32f4xx_hal_rcc.o(i.HAL_RCC_GetPCLK1Freq)
    HAL_RCC_GetPCLK2Freq                     0x0800172d   Thumb Code    20  stm32f4xx_hal_rcc.o(i.HAL_RCC_GetPCLK2Freq)
    HAL_RCC_GetSysClockFreq                  0x0800174d   Thumb Code    88  stm32f4xx_hal_rcc.o(i.HAL_RCC_GetSysClockFreq)
    HAL_RCC_OscConfig                        0x080017ad   Thumb Code   856  stm32f4xx_hal_rcc.o(i.HAL_RCC_OscConfig)
    HAL_TIMEx_BreakCallback                  0x08001b19   Thumb Code     2  stm32f4xx_hal_tim_ex.o(i.HAL_TIMEx_BreakCallback)
    HAL_TIMEx_CommutCallback                 0x08001b1b   Thumb Code     2  stm32f4xx_hal_tim_ex.o(i.HAL_TIMEx_CommutCallback)
    HAL_TIM_Base_Init                        0x08001b1d   Thumb Code    90  stm32f4xx_hal_tim.o(i.HAL_TIM_Base_Init)
    HAL_TIM_Base_MspInit                     0x08001b77   Thumb Code     2  stm32f4xx_hal_tim.o(i.HAL_TIM_Base_MspInit)
    HAL_TIM_Base_Start_IT                    0x08001b79   Thumb Code    88  stm32f4xx_hal_tim.o(i.HAL_TIM_Base_Start_IT)
    HAL_TIM_IC_CaptureCallback               0x08001be5   Thumb Code     2  stm32f4xx_hal_tim.o(i.HAL_TIM_IC_CaptureCallback)
    HAL_TIM_IRQHandler                       0x08001be7   Thumb Code   358  stm32f4xx_hal_tim.o(i.HAL_TIM_IRQHandler)
    HAL_TIM_OC_DelayElapsedCallback          0x08001d4d   Thumb Code     2  stm32f4xx_hal_tim.o(i.HAL_TIM_OC_DelayElapsedCallback)
    HAL_TIM_PWM_PulseFinishedCallback        0x08001d4f   Thumb Code     2  stm32f4xx_hal_tim.o(i.HAL_TIM_PWM_PulseFinishedCallback)
    HAL_TIM_PeriodElapsedCallback            0x08001d51   Thumb Code    14  main.o(i.HAL_TIM_PeriodElapsedCallback)
    HAL_TIM_TriggerCallback                  0x08001d65   Thumb Code     2  stm32f4xx_hal_tim.o(i.HAL_TIM_TriggerCallback)
    HAL_UARTEx_RxEventCallback               0x08001d67   Thumb Code     2  stm32f4xx_hal_uart.o(i.HAL_UARTEx_RxEventCallback)
    HAL_UART_ErrorCallback                   0x08001d69   Thumb Code     2  stm32f4xx_hal_uart.o(i.HAL_UART_ErrorCallback)
    HAL_UART_IRQHandler                      0x08001d6d   Thumb Code   610  stm32f4xx_hal_uart.o(i.HAL_UART_IRQHandler)
    HAL_UART_Init                            0x08001fd5   Thumb Code    98  stm32f4xx_hal_uart.o(i.HAL_UART_Init)
    HAL_UART_MspInit                         0x08002039   Thumb Code   260  stm32f4xx_hal_msp.o(i.HAL_UART_MspInit)
    HAL_UART_Receive_IT                      0x08002151   Thumb Code    42  stm32f4xx_hal_uart.o(i.HAL_UART_Receive_IT)
    HAL_UART_RxCpltCallback                  0x0800217d   Thumb Code   144  main.o(i.HAL_UART_RxCpltCallback)
    HAL_UART_Transmit                        0x08002219   Thumb Code   178  stm32f4xx_hal_uart.o(i.HAL_UART_Transmit)
    HAL_UART_TxCpltCallback                  0x080022cb   Thumb Code     2  stm32f4xx_hal_uart.o(i.HAL_UART_TxCpltCallback)
    HardFault_Handler                        0x080022cd   Thumb Code     2  stm32f4xx_it.o(i.HardFault_Handler)
    MemManage_Handler                        0x080023fd   Thumb Code     2  stm32f4xx_it.o(i.MemManage_Handler)
    NMI_Handler                              0x080023ff   Thumb Code     2  stm32f4xx_it.o(i.NMI_Handler)
    ProcessRMC                               0x08002401   Thumb Code   162  main.o(i.ProcessRMC)
    StartDefaultTask                         0x080024ad   Thumb Code    18  main.o(i.StartDefaultTask)
    SysTick_Handler                          0x080024c5   Thumb Code    38  port.o(i.SysTick_Handler)
    SystemClock_Config                       0x080024f1   Thumb Code   142  main.o(i.SystemClock_Config)
    SystemInit                               0x08002589   Thumb Code    12  system_stm32f4xx.o(i.SystemInit)
    TIM1_TRG_COM_TIM11_IRQHandler            0x08002599   Thumb Code     6  stm32f4xx_it.o(i.TIM1_TRG_COM_TIM11_IRQHandler)
    TIM_Base_SetConfig                       0x080025a5   Thumb Code   122  stm32f4xx_hal_tim.o(i.TIM_Base_SetConfig)
    TrataBotao                               0x0800263d   Thumb Code    44  main.o(i.TrataBotao)
    TrataDs18b20                             0x08002671   Thumb Code    22  main.o(i.TrataDs18b20)
    TrataEsp                                 0x0800268d   Thumb Code    70  main.o(i.TrataEsp)
    TrataGps                                 0x080026dd   Thumb Code    74  main.o(i.TrataGps)
    TrataLdr                                 0x08002741   Thumb Code    56  main.o(i.TrataLdr)
    TrataPc                                  0x0800278d   Thumb Code    70  main.o(i.TrataPc)
    TrataServidor                            0x080027dd   Thumb Code   124  main.o(i.TrataServidor)
    UART_Start_Receive_IT                    0x08002ac9   Thumb Code    58  stm32f4xx_hal_uart.o(i.UART_Start_Receive_IT)
    USART1_IRQHandler                        0x08002b7d   Thumb Code     6  stm32f4xx_it.o(i.USART1_IRQHandler)
    USART2_IRQHandler                        0x08002b89   Thumb Code     6  stm32f4xx_it.o(i.USART2_IRQHandler)
    USART6_IRQHandler                        0x08002b95   Thumb Code     6  stm32f4xx_it.o(i.USART6_IRQHandler)
    UsageFault_Handler                       0x08002ba1   Thumb Code     2  stm32f4xx_it.o(i.UsageFault_Handler)
    __ARM_fpclassify                         0x08002ba3   Thumb Code    48  fpclassify.o(i.__ARM_fpclassify)
    __hardfp_pow                             0x08002bf9   Thumb Code  3072  pow.o(i.__hardfp_pow)
    __kernel_poly                            0x08003849   Thumb Code   248  poly.o(i.__kernel_poly)
    __mathlib_dbl_divzero                    0x08003941   Thumb Code    28  dunder.o(i.__mathlib_dbl_divzero)
    __mathlib_dbl_infnan2                    0x08003971   Thumb Code    20  dunder.o(i.__mathlib_dbl_infnan2)
    __mathlib_dbl_invalid                    0x08003989   Thumb Code    24  dunder.o(i.__mathlib_dbl_invalid)
    __mathlib_dbl_overflow                   0x080039a9   Thumb Code    24  dunder.o(i.__mathlib_dbl_overflow)
    __mathlib_dbl_underflow                  0x080039c9   Thumb Code    24  dunder.o(i.__mathlib_dbl_underflow)
    circular_buf_get                         0x08003a1b   Thumb Code    50  ringbuffer.o(i.circular_buf_get)
    circular_buf_init                        0x08003a4d   Thumb Code    26  ringbuffer.o(i.circular_buf_init)
    circular_buf_is_empty                    0x08003a67   Thumb Code    20  ringbuffer.o(i.circular_buf_is_empty)
    circular_buf_put                         0x08003a7b   Thumb Code    26  ringbuffer.o(i.circular_buf_put)
    circular_buf_reset                       0x08003a95   Thumb Code    10  ringbuffer.o(i.circular_buf_reset)
    fabs                                     0x08003a9f   Thumb Code    24  fabs.o(i.fabs)
    main                                     0x08003ab9   Thumb Code   312  main.o(i.main)
    osDelay                                  0x08003c15   Thumb Code    20  cmsis_os.o(i.osDelay)
    osKernelStart                            0x08003c29   Thumb Code    10  cmsis_os.o(i.osKernelStart)
    osThreadCreate                           0x08003c33   Thumb Code    84  cmsis_os.o(i.osThreadCreate)
    pow                                      0x08003c87   Thumb Code    20  pow.o(i.pow)
    pvPortMalloc                             0x08003ffd   Thumb Code   216  heap_4.o(i.pvPortMalloc)
    pxPortInitialiseStack                    0x080040d9   Thumb Code    40  port.o(i.pxPortInitialiseStack)
    sqrt                                     0x08004105   Thumb Code   110  sqrt.o(i.sqrt)
    ulTaskNotifyTake                         0x08004175   Thumb Code    96  tasks.o(i.ulTaskNotifyTake)
    uxListRemove                             0x080041dd   Thumb Code    38  list.o(i.uxListRemove)
    uxTaskResetEventItemValue                0x08004205   Thumb Code    20  tasks.o(i.uxTaskResetEventItemValue)
    vApplicationGetIdleTaskMemory            0x0800421d   Thumb Code    16  freertos.o(i.vApplicationGetIdleTaskMemory)
    vListInitialise                          0x08004231   Thumb Code    22  list.o(i.vListInitialise)
    vListInitialiseItem                      0x08004247   Thumb Code     6  list.o(i.vListInitialiseItem)
    vListInsert                              0x0800424d   Thumb Code    48  list.o(i.vListInsert)
    vListInsertEnd                           0x0800427d   Thumb Code    24  list.o(i.vListInsertEnd)
    vPortEnterCritical                       0x08004295   Thumb Code    54  port.o(i.vPortEnterCritical)
    vPortExitCritical                        0x080042d5   Thumb Code    34  port.o(i.vPortExitCritical)
    vPortFree                                0x080042fd   Thumb Code    94  heap_4.o(i.vPortFree)
    vPortSetupTimerInterrupt                 0x08004361   Thumb Code    30  port.o(i.vPortSetupTimerInterrupt)
    vPortValidateInterruptPriority           0x08004385   Thumb Code    74  port.o(i.vPortValidateInterruptPriority)
    vTaskDelay                               0x080043d9   Thumb Code    66  tasks.o(i.vTaskDelay)
    vTaskNotifyGiveFromISR                   0x08004425   Thumb Code   172  tasks.o(i.vTaskNotifyGiveFromISR)
    vTaskPlaceOnUnorderedEventList           0x080044d9   Thumb Code    76  tasks.o(i.vTaskPlaceOnUnorderedEventList)
    vTaskRemoveFromUnorderedEventList        0x08004529   Thumb Code   104  tasks.o(i.vTaskRemoveFromUnorderedEventList)
    vTaskStartScheduler                      0x08004599   Thumb Code    90  tasks.o(i.vTaskStartScheduler)
    vTaskSuspendAll                          0x08004605   Thumb Code    10  tasks.o(i.vTaskSuspendAll)
    vTaskSwitchContext                       0x08004615   Thumb Code    82  tasks.o(i.vTaskSwitchContext)
    xEventGroupCreate                        0x08004671   Thumb Code    28  event_groups.o(i.xEventGroupCreate)
    xEventGroupSetBits                       0x0800468d   Thumb Code   140  event_groups.o(i.xEventGroupSetBits)
    xEventGroupWaitBits                      0x08004719   Thumb Code   260  event_groups.o(i.xEventGroupWaitBits)
    xPortStartScheduler                      0x08004821   Thumb Code   222  port.o(i.xPortStartScheduler)
    xTaskCreate                              0x08004915   Thumb Code    90  tasks.o(i.xTaskCreate)
    xTaskCreateStatic                        0x0800496f   Thumb Code    86  tasks.o(i.xTaskCreateStatic)
    xTaskGetSchedulerState                   0x080049c5   Thumb Code    22  tasks.o(i.xTaskGetSchedulerState)
    xTaskIncrementTick                       0x080049e1   Thumb Code   194  tasks.o(i.xTaskIncrementTick)
    xTaskResumeAll                           0x08004aad   Thumb Code   182  tasks.o(i.xTaskResumeAll)
    _get_lc_ctype                            0x08004b71   Thumb Code    44  lc_ctype_c.o(locale$$code)
    __aeabi_dneg                             0x08004b9d   Thumb Code     0  basic.o(x$fpl$basic)
    _dneg                                    0x08004b9d   Thumb Code     6  basic.o(x$fpl$basic)
    __aeabi_fneg                             0x08004ba3   Thumb Code     0  basic.o(x$fpl$basic)
    _fneg                                    0x08004ba3   Thumb Code     6  basic.o(x$fpl$basic)
    _dabs                                    0x08004ba9   Thumb Code     6  basic.o(x$fpl$basic)
    _fabs                                    0x08004baf   Thumb Code     6  basic.o(x$fpl$basic)
    __aeabi_dadd                             0x08004bb5   Thumb Code     0  daddsub_clz.o(x$fpl$dadd)
    _dadd                                    0x08004bb5   Thumb Code   332  daddsub_clz.o(x$fpl$dadd)
    __fpl_dcheck_NaN1                        0x08004d05   Thumb Code    10  dcheck1.o(x$fpl$dcheck1)
    __fpl_dcmp_Inf                           0x08004d15   Thumb Code    24  dcmpi.o(x$fpl$dcmpinf)
    __aeabi_ddiv                             0x08004d2d   Thumb Code     0  ddiv.o(x$fpl$ddiv)
    _ddiv                                    0x08004d2d   Thumb Code   552  ddiv.o(x$fpl$ddiv)
    __aeabi_i2d                              0x08004fdd   Thumb Code     0  dflt_clz.o(x$fpl$dflt)
    _dflt                                    0x08004fdd   Thumb Code    46  dflt_clz.o(x$fpl$dflt)
    __aeabi_cdcmple                          0x0800500d   Thumb Code     0  dleqf.o(x$fpl$dleqf)
    _dcmple                                  0x0800500d   Thumb Code   120  dleqf.o(x$fpl$dleqf)
    __fpl_dcmple_InfNaN                      0x0800506f   Thumb Code     0  dleqf.o(x$fpl$dleqf)
    __aeabi_dmul                             0x08005085   Thumb Code     0  dmul.o(x$fpl$dmul)
    _dmul                                    0x08005085   Thumb Code   332  dmul.o(x$fpl$dmul)
    __fpl_dnaninf                            0x080051d9   Thumb Code   156  dnaninf.o(x$fpl$dnaninf)
    __fpl_dretinf                            0x08005275   Thumb Code    12  dretinf.o(x$fpl$dretinf)
    __aeabi_cdrcmple                         0x08005281   Thumb Code     0  drleqf.o(x$fpl$drleqf)
    _drcmple                                 0x08005281   Thumb Code   108  drleqf.o(x$fpl$drleqf)
    __aeabi_drsub                            0x080052ed   Thumb Code     0  daddsub_clz.o(x$fpl$drsb)
    _drsb                                    0x080052ed   Thumb Code    22  daddsub_clz.o(x$fpl$drsb)
    _dsqrt                                   0x08005305   Thumb Code   404  dsqrt_umaal.o(x$fpl$dsqrt)
    __aeabi_dsub                             0x0800549d   Thumb Code     0  daddsub_clz.o(x$fpl$dsub)
    _dsub                                    0x0800549d   Thumb Code   464  daddsub_clz.o(x$fpl$dsub)
    _fp_init                                 0x08005671   Thumb Code    10  fpinit.o(x$fpl$fpinit)
    __fplib_config_fpu_vfp                   0x08005679   Thumb Code     0  fpinit.o(x$fpl$fpinit)
    __fplib_config_pureend_doubles           0x08005679   Thumb Code     0  fpinit.o(x$fpl$fpinit)
    __fpl_return_NaN                         0x0800567b   Thumb Code   100  retnan.o(x$fpl$retnan)
    __ARM_scalbn                             0x080056df   Thumb Code    92  scalbn.o(x$fpl$scalbn)
    __fpl_cmpreturn                          0x0800573b   Thumb Code    48  trapv.o(x$fpl$trapveneer)
    __I$use$fp                               0x0800576a   Number         0  usenofp.o(x$fpl$usenofp)
    AHBPrescTable                            0x0800584c   Data          16  system_stm32f4xx.o(.constdata)
    APBPrescTable                            0x0800585c   Data           8  system_stm32f4xx.o(.constdata)
    __mathlib_zero                           0x08005928   Data           8  qnan.o(.constdata)
    Region$$Table$$Base                      0x08005998   Number         0  anon$$obj.o(Region$$Table)
    Region$$Table$$Limit                     0x080059b8   Number         0  anon$$obj.o(Region$$Table)
    __ctype                                  0x080059c5   Data           0  lc_ctype_c.o(locale$$data)
    cont                                     0x20000008   Data           4  main.o(.data)
    defaultTaskHandle                        0x2000000c   Data           4  main.o(.data)
    TarefaBotaoHandle                        0x20000010   Data           4  main.o(.data)
    TarefaPcHandle                           0x20000014   Data           4  main.o(.data)
    TarefaEspHandle                          0x20000018   Data           4  main.o(.data)
    TarefaLdrHandle                          0x2000001c   Data           4  main.o(.data)
    TarefaGpsHandle                          0x20000020   Data           4  main.o(.data)
    TarefaDs18b20Handle                      0x20000024   Data           4  main.o(.data)
    TarefaServidorHandle                     0x20000028   Data           4  main.o(.data)
    grupoDeEventos                           0x20000034   Data           4  main.o(.data)
    SystemCoreClock                          0x20000038   Data           4  system_stm32f4xx.o(.data)
    uwTickFreq                               0x2000003c   Data           1  stm32f4xx_hal.o(.data)
    uwTickPrio                               0x20000040   Data           4  stm32f4xx_hal.o(.data)
    uwTick                                   0x20000044   Data           4  stm32f4xx_hal.o(.data)
    pxCurrentTCB                             0x20000048   Data           4  tasks.o(.data)
    hadc1                                    0x20000100   Data          72  main.o(.bss)
    huart1                                   0x20000148   Data          68  main.o(.bss)
    huart2                                   0x2000018c   Data          68  main.o(.bss)
    huart6                                   0x200001d0   Data          68  main.o(.bss)
    htim11                                   0x20000530   Data          72  stm32f4xx_hal_timebase_tim.o(.bss)
    __libspace_start                         0x20004268   Data          96  libspace.o(.bss)
    __temporary_stack_top$libspace           0x200042c8   Data           0  libspace.o(.bss)



==============================================================================

Memory Map of the image

  Image Entry point : 0x08000195

  Load Region LR_IROM1 (Base: 0x08000000, Size: 0x00005b78, Max: 0x00080000, ABSOLUTE)

    Execution Region ER_IROM1 (Exec base: 0x08000000, Load base: 0x08000000, Size: 0x00005ac8, Max: 0x00080000, ABSOLUTE)

    Exec Addr    Load Addr    Size         Type   Attr      Idx    E Section Name        Object

    0x08000000   0x08000000   0x00000194   Data   RO            3    RESET               startup_stm32f401xe.o
    0x08000194   0x08000194   0x00000008   Code   RO         4855  * !!!main             c_w.l(__main.o)
    0x0800019c   0x0800019c   0x00000034   Code   RO         5196    !!!scatter          c_w.l(__scatter.o)
    0x080001d0   0x080001d0   0x0000001a   Code   RO         5198    !!handler_copy      c_w.l(__scatter_copy.o)
    0x080001ea   0x080001ea   0x00000002   PAD
    0x080001ec   0x080001ec   0x0000001c   Code   RO         5200    !!handler_zi        c_w.l(__scatter_zi.o)
    0x08000208   0x08000208   0x00000000   Code   RO         4840    .ARM.Collect$$_printf_percent$$00000000  c_w.l(_printf_percent.o)
    0x08000208   0x08000208   0x00000006   Code   RO         4839    .ARM.Collect$$_printf_percent$$0000000C  c_w.l(_printf_x.o)
    0x0800020e   0x0800020e   0x00000004   Code   RO         4916    .ARM.Collect$$_printf_percent$$00000017  c_w.l(_printf_percent_end.o)
    0x08000212   0x08000212   0x00000002   Code   RO         5125    .ARM.Collect$$libinit$$00000000  c_w.l(libinit.o)
    0x08000214   0x08000214   0x00000004   Code   RO         4923    .ARM.Collect$$libinit$$00000001  c_w.l(libinit2.o)
    0x08000218   0x08000218   0x00000000   Code   RO         4926    .ARM.Collect$$libinit$$00000004  c_w.l(libinit2.o)
    0x08000218   0x08000218   0x00000008   Code   RO         4927    .ARM.Collect$$libinit$$00000005  c_w.l(libinit2.o)
    0x08000220   0x08000220   0x00000000   Code   RO         4929    .ARM.Collect$$libinit$$0000000A  c_w.l(libinit2.o)
    0x08000220   0x08000220   0x00000000   Code   RO         4931    .ARM.Collect$$libinit$$0000000C  c_w.l(libinit2.o)
    0x08000220   0x08000220   0x00000000   Code   RO         4933    .ARM.Collect$$libinit$$0000000E  c_w.l(libinit2.o)
    0x08000220   0x08000220   0x00000006   Code   RO         4934    .ARM.Collect$$libinit$$0000000F  c_w.l(libinit2.o)
    0x08000226   0x08000226   0x00000000   Code   RO         4936    .ARM.Collect$$libinit$$00000011  c_w.l(libinit2.o)
    0x08000226   0x08000226   0x0000000c   Code   RO         4937    .ARM.Collect$$libinit$$00000012  c_w.l(libinit2.o)
    0x08000232   0x08000232   0x00000000   Code   RO         4938    .ARM.Collect$$libinit$$00000013  c_w.l(libinit2.o)
    0x08000232   0x08000232   0x00000000   Code   RO         4940    .ARM.Collect$$libinit$$00000015  c_w.l(libinit2.o)
    0x08000232   0x08000232   0x00000000   Code   RO         4942    .ARM.Collect$$libinit$$00000017  c_w.l(libinit2.o)
    0x08000232   0x08000232   0x00000000   Code   RO         4944    .ARM.Collect$$libinit$$00000019  c_w.l(libinit2.o)
    0x08000232   0x08000232   0x00000000   Code   RO         4946    .ARM.Collect$$libinit$$0000001B  c_w.l(libinit2.o)
    0x08000232   0x08000232   0x00000000   Code   RO         4948    .ARM.Collect$$libinit$$0000001D  c_w.l(libinit2.o)
    0x08000232   0x08000232   0x00000000   Code   RO         4950    .ARM.Collect$$libinit$$0000001F  c_w.l(libinit2.o)
    0x08000232   0x08000232   0x00000000   Code   RO         4952    .ARM.Collect$$libinit$$00000021  c_w.l(libinit2.o)
    0x08000232   0x08000232   0x00000000   Code   RO         4954    .ARM.Collect$$libinit$$00000023  c_w.l(libinit2.o)
    0x08000232   0x08000232   0x00000000   Code   RO         4956    .ARM.Collect$$libinit$$00000025  c_w.l(libinit2.o)
    0x08000232   0x08000232   0x00000000   Code   RO         4960    .ARM.Collect$$libinit$$0000002C  c_w.l(libinit2.o)
    0x08000232   0x08000232   0x00000000   Code   RO         4962    .ARM.Collect$$libinit$$0000002E  c_w.l(libinit2.o)
    0x08000232   0x08000232   0x00000000   Code   RO         4964    .ARM.Collect$$libinit$$00000030  c_w.l(libinit2.o)
    0x08000232   0x08000232   0x00000000   Code   RO         4966    .ARM.Collect$$libinit$$00000032  c_w.l(libinit2.o)
    0x08000232   0x08000232   0x00000002   Code   RO         4967    .ARM.Collect$$libinit$$00000033  c_w.l(libinit2.o)
    0x08000234   0x08000234   0x00000002   Code   RO         5193    .ARM.Collect$$libshutdown$$00000000  c_w.l(libshutdown.o)
    0x08000236   0x08000236   0x00000000   Code   RO         5147    .ARM.Collect$$libshutdown$$00000002  c_w.l(libshutdown2.o)
    0x08000236   0x08000236   0x00000000   Code   RO         5149    .ARM.Collect$$libshutdown$$00000004  c_w.l(libshutdown2.o)
    0x08000236   0x08000236   0x00000000   Code   RO         5151    .ARM.Collect$$libshutdown$$00000006  c_w.l(libshutdown2.o)
    0x08000236   0x08000236   0x00000000   Code   RO         5154    .ARM.Collect$$libshutdown$$00000009  c_w.l(libshutdown2.o)
    0x08000236   0x08000236   0x00000000   Code   RO         5157    .ARM.Collect$$libshutdown$$0000000C  c_w.l(libshutdown2.o)
    0x08000236   0x08000236   0x00000000   Code   RO         5159    .ARM.Collect$$libshutdown$$0000000E  c_w.l(libshutdown2.o)
    0x08000236   0x08000236   0x00000000   Code   RO         5162    .ARM.Collect$$libshutdown$$00000011  c_w.l(libshutdown2.o)
    0x08000236   0x08000236   0x00000002   Code   RO         5163    .ARM.Collect$$libshutdown$$00000012  c_w.l(libshutdown2.o)
    0x08000238   0x08000238   0x00000000   Code   RO         4873    .ARM.Collect$$rtentry$$00000000  c_w.l(__rtentry.o)
    0x08000238   0x08000238   0x00000000   Code   RO         5036    .ARM.Collect$$rtentry$$00000002  c_w.l(__rtentry2.o)
    0x08000238   0x08000238   0x00000006   Code   RO         5048    .ARM.Collect$$rtentry$$00000004  c_w.l(__rtentry4.o)
    0x0800023e   0x0800023e   0x00000000   Code   RO         5038    .ARM.Collect$$rtentry$$00000009  c_w.l(__rtentry2.o)
    0x0800023e   0x0800023e   0x00000004   Code   RO         5039    .ARM.Collect$$rtentry$$0000000A  c_w.l(__rtentry2.o)
    0x08000242   0x08000242   0x00000000   Code   RO         5041    .ARM.Collect$$rtentry$$0000000C  c_w.l(__rtentry2.o)
    0x08000242   0x08000242   0x00000008   Code   RO         5042    .ARM.Collect$$rtentry$$0000000D  c_w.l(__rtentry2.o)
    0x0800024a   0x0800024a   0x00000002   Code   RO         5132    .ARM.Collect$$rtexit$$00000000  c_w.l(rtexit.o)
    0x0800024c   0x0800024c   0x00000000   Code   RO         5169    .ARM.Collect$$rtexit$$00000002  c_w.l(rtexit2.o)
    0x0800024c   0x0800024c   0x00000004   Code   RO         5170    .ARM.Collect$$rtexit$$00000003  c_w.l(rtexit2.o)
    0x08000250   0x08000250   0x00000006   Code   RO         5171    .ARM.Collect$$rtexit$$00000004  c_w.l(rtexit2.o)
    0x08000256   0x08000256   0x00000002   PAD
    0x08000258   0x08000258   0x000000be   Code   RO         4649    .emb_text           port.o
    0x08000316   0x08000316   0x00000002   PAD
    0x08000318   0x08000318   0x00000000   Code   RO         5056    .emb_text           c_w.l(maybetermalloc1.o)
    0x08000318   0x08000318   0x00000040   Code   RO            4    .text               startup_stm32f401xe.o
    0x08000358   0x08000358   0x0000005e   Code   RO         4732    .text               c_w.l(h1_alloc.o)
    0x080003b6   0x080003b6   0x0000004e   Code   RO         4734    .text               c_w.l(h1_free.o)
    0x08000404   0x08000404   0x000000ee   Code   RO         4790    .text               c_w.l(lludivv7m.o)
    0x080004f2   0x080004f2   0x00000002   PAD
    0x080004f4   0x080004f4   0x00000028   Code   RO         4794    .text               c_w.l(noretval__2sprintf.o)
    0x0800051c   0x0800051c   0x00000058   Code   RO         4801    .text               c_w.l(_printf_hex_int.o)
    0x08000574   0x08000574   0x00000094   Code   RO         4819    .text               c_w.l(__printf_flags.o)
    0x08000608   0x08000608   0x0000001a   Code   RO         4841    .text               c_w.l(atoi.o)
    0x08000622   0x08000622   0x0000003e   Code   RO         4843    .text               c_w.l(strlen.o)
    0x08000660   0x08000660   0x00000064   Code   RO         4847    .text               c_w.l(rt_memcpy_w.o)
    0x080006c4   0x080006c4   0x0000004e   Code   RO         4851    .text               c_w.l(rt_memclr_w.o)
    0x08000712   0x08000712   0x00000006   Code   RO         4853    .text               c_w.l(heapauxi.o)
    0x08000718   0x08000718   0x00000008   Code   RO         4881    .text               c_w.l(rt_heap_descriptor_intlibspace.o)
    0x08000720   0x08000720   0x00000008   Code   RO         4886    .text               c_w.l(rt_errno_addr_intlibspace.o)
    0x08000728   0x08000728   0x00000004   Code   RO         4888    .text               c_w.l(hguard.o)
    0x0800072c   0x0800072c   0x0000008a   Code   RO         4890    .text               c_w.l(init_alloc.o)
    0x080007b6   0x080007b6   0x0000000e   Code   RO         4894    .text               c_w.l(h1_init.o)
    0x080007c4   0x080007c4   0x00000016   Code   RO         4908    .text               c_w.l(_rserrno.o)
    0x080007da   0x080007da   0x000000b2   Code   RO         4910    .text               c_w.l(_printf_intcommon.o)
    0x0800088c   0x0800088c   0x00000030   Code   RO         4912    .text               c_w.l(_printf_char_common.o)
    0x080008bc   0x080008bc   0x0000000a   Code   RO         4914    .text               c_w.l(_sputc.o)
    0x080008c6   0x080008c6   0x00000070   Code   RO         4917    .text               c_w.l(strtol.o)
    0x08000936   0x08000936   0x00000002   PAD
    0x08000938   0x08000938   0x00000008   Code   RO         5032    .text               c_w.l(libspace.o)
    0x08000940   0x08000940   0x00000010   Code   RO         5050    .text               c_w.l(rt_ctype_table.o)
    0x08000950   0x08000950   0x00000034   Code   RO         5058    .text               c_w.l(h1_extend.o)
    0x08000984   0x08000984   0x0000009e   Code   RO         5064    .text               c_w.l(_strtoul.o)
    0x08000a22   0x08000a22   0x0000000e   Code   RO         5066    .text               c_w.l(defsig_rtmem_outer.o)
    0x08000a30   0x08000a30   0x00000002   Code   RO         5087    .text               c_w.l(use_no_semi.o)
    0x08000a32   0x08000a32   0x00000000   Code   RO         5089    .text               c_w.l(indicate_semi.o)
    0x08000a32   0x08000a32   0x0000004a   Code   RO         5090    .text               c_w.l(sys_stackheap_outer.o)
    0x08000a7c   0x08000a7c   0x00000008   Code   RO         5097    .text               c_w.l(rt_locale_intlibspace.o)
    0x08000a84   0x08000a84   0x0000001c   Code   RO         5101    .text               c_w.l(_chval.o)
    0x08000aa0   0x08000aa0   0x00000012   Code   RO         5106    .text               c_w.l(exit.o)
    0x08000ab2   0x08000ab2   0x0000000a   Code   RO         5108    .text               c_w.l(defsig_exit.o)
    0x08000abc   0x08000abc   0x00000050   Code   RO         5114    .text               c_w.l(defsig_rtmem_inner.o)
    0x08000b0c   0x08000b0c   0x0000000c   Code   RO         5130    .text               c_w.l(sys_exit.o)
    0x08000b18   0x08000b18   0x00000032   Code   RO         5140    .text               c_w.l(defsig_general.o)
    0x08000b4a   0x08000b4a   0x00000002   PAD
    0x08000b4c   0x08000b4c   0x00000080   Code   RO         5144    .text               c_w.l(strcmpv7m.o)
    0x08000bcc   0x08000bcc   0x0000000e   Code   RO         5166    .text               c_w.l(sys_wrch.o)
    0x08000bda   0x08000bda   0x00000002   PAD
    0x08000bdc   0x08000bdc   0x00000128   Code   RO          653    i.ADC_Init          stm32f4xx_hal_adc.o
    0x08000d04   0x08000d04   0x00000002   Code   RO          437    i.BusFault_Handler  stm32f4xx_it.o
    0x08000d06   0x08000d06   0x00000002   Code   RO          438    i.DebugMon_Handler  stm32f4xx_it.o
    0x08000d08   0x08000d08   0x00000008   Code   RO          439    i.EXTI15_10_IRQHandler  stm32f4xx_it.o
    0x08000d10   0x08000d10   0x00000064   Code   RO          208    i.GPS_recebeByte    main.o
    0x08000d74   0x08000d74   0x0000014c   Code   RO          655    i.HAL_ADC_ConfigChannel  stm32f4xx_hal_adc.o
    0x08000ec0   0x08000ec0   0x00000006   Code   RO          662    i.HAL_ADC_GetValue  stm32f4xx_hal_adc.o
    0x08000ec6   0x08000ec6   0x00000054   Code   RO          664    i.HAL_ADC_Init      stm32f4xx_hal_adc.o
    0x08000f1a   0x08000f1a   0x00000002   PAD
    0x08000f1c   0x08000f1c   0x00000060   Code   RO          526    i.HAL_ADC_MspInit   stm32f4xx_hal_msp.o
    0x08000f7c   0x08000f7c   0x000000aa   Code   RO          668    i.HAL_ADC_PollForConversion  stm32f4xx_hal_adc.o
    0x08001026   0x08001026   0x00000002   PAD
    0x08001028   0x08001028   0x000000cc   Code   RO          670    i.HAL_ADC_Start     stm32f4xx_hal_adc.o
    0x080010f4   0x080010f4   0x00000092   Code   RO         1414    i.HAL_DMA_Abort     stm32f4xx_hal_dma.o
    0x08001186   0x08001186   0x00000024   Code   RO         1415    i.HAL_DMA_Abort_IT  stm32f4xx_hal_dma.o
    0x080011aa   0x080011aa   0x00000002   PAD
    0x080011ac   0x080011ac   0x0000003c   Code   RO          209    i.HAL_GPIO_EXTI_Callback  main.o
    0x080011e8   0x080011e8   0x00000018   Code   RO         1306    i.HAL_GPIO_EXTI_IRQHandler  stm32f4xx_hal_gpio.o
    0x08001200   0x08001200   0x000001e0   Code   RO         1307    i.HAL_GPIO_Init     stm32f4xx_hal_gpio.o
    0x080013e0   0x080013e0   0x00000010   Code   RO         1310    i.HAL_GPIO_TogglePin  stm32f4xx_hal_gpio.o
    0x080013f0   0x080013f0   0x0000000a   Code   RO         1311    i.HAL_GPIO_WritePin  stm32f4xx_hal_gpio.o
    0x080013fa   0x080013fa   0x00000002   PAD
    0x080013fc   0x080013fc   0x0000000c   Code   RO         1863    i.HAL_GetTick       stm32f4xx_hal.o
    0x08001408   0x08001408   0x00000010   Code   RO         1869    i.HAL_IncTick       stm32f4xx_hal.o
    0x08001418   0x08001418   0x00000034   Code   RO         1870    i.HAL_Init          stm32f4xx_hal.o
    0x0800144c   0x0800144c   0x00000074   Code   RO          573    i.HAL_InitTick      stm32f4xx_hal_timebase_tim.o
    0x080014c0   0x080014c0   0x00000038   Code   RO          527    i.HAL_MspInit       stm32f4xx_hal_msp.o
    0x080014f8   0x080014f8   0x00000022   Code   RO         1719    i.HAL_NVIC_DisableIRQ  stm32f4xx_hal_cortex.o
    0x0800151a   0x0800151a   0x0000001a   Code   RO         1720    i.HAL_NVIC_EnableIRQ  stm32f4xx_hal_cortex.o
    0x08001534   0x08001534   0x00000040   Code   RO         1726    i.HAL_NVIC_SetPriority  stm32f4xx_hal_cortex.o
    0x08001574   0x08001574   0x00000024   Code   RO         1727    i.HAL_NVIC_SetPriorityGrouping  stm32f4xx_hal_cortex.o
    0x08001598   0x08001598   0x00000134   Code   RO          929    i.HAL_RCC_ClockConfig  stm32f4xx_hal_rcc.o
    0x080016cc   0x080016cc   0x00000040   Code   RO          933    i.HAL_RCC_GetClockConfig  stm32f4xx_hal_rcc.o
    0x0800170c   0x0800170c   0x00000020   Code   RO          936    i.HAL_RCC_GetPCLK1Freq  stm32f4xx_hal_rcc.o
    0x0800172c   0x0800172c   0x00000020   Code   RO          937    i.HAL_RCC_GetPCLK2Freq  stm32f4xx_hal_rcc.o
    0x0800174c   0x0800174c   0x00000060   Code   RO          938    i.HAL_RCC_GetSysClockFreq  stm32f4xx_hal_rcc.o
    0x080017ac   0x080017ac   0x0000036c   Code   RO          941    i.HAL_RCC_OscConfig  stm32f4xx_hal_rcc.o
    0x08001b18   0x08001b18   0x00000002   Code   RO         2814    i.HAL_TIMEx_BreakCallback  stm32f4xx_hal_tim_ex.o
    0x08001b1a   0x08001b1a   0x00000002   Code   RO         2815    i.HAL_TIMEx_CommutCallback  stm32f4xx_hal_tim_ex.o
    0x08001b1c   0x08001b1c   0x0000005a   Code   RO         2110    i.HAL_TIM_Base_Init  stm32f4xx_hal_tim.o
    0x08001b76   0x08001b76   0x00000002   Code   RO         2112    i.HAL_TIM_Base_MspInit  stm32f4xx_hal_tim.o
    0x08001b78   0x08001b78   0x0000006c   Code   RO         2115    i.HAL_TIM_Base_Start_IT  stm32f4xx_hal_tim.o
    0x08001be4   0x08001be4   0x00000002   Code   RO         2144    i.HAL_TIM_IC_CaptureCallback  stm32f4xx_hal_tim.o
    0x08001be6   0x08001be6   0x00000166   Code   RO         2158    i.HAL_TIM_IRQHandler  stm32f4xx_hal_tim.o
    0x08001d4c   0x08001d4c   0x00000002   Code   RO         2161    i.HAL_TIM_OC_DelayElapsedCallback  stm32f4xx_hal_tim.o
    0x08001d4e   0x08001d4e   0x00000002   Code   RO         2188    i.HAL_TIM_PWM_PulseFinishedCallback  stm32f4xx_hal_tim.o
    0x08001d50   0x08001d50   0x00000014   Code   RO          210    i.HAL_TIM_PeriodElapsedCallback  main.o
    0x08001d64   0x08001d64   0x00000002   Code   RO         2201    i.HAL_TIM_TriggerCallback  stm32f4xx_hal_tim.o
    0x08001d66   0x08001d66   0x00000002   Code   RO         3092    i.HAL_UARTEx_RxEventCallback  stm32f4xx_hal_uart.o
    0x08001d68   0x08001d68   0x00000002   Code   RO         3106    i.HAL_UART_ErrorCallback  stm32f4xx_hal_uart.o
    0x08001d6a   0x08001d6a   0x00000002   PAD
    0x08001d6c   0x08001d6c   0x00000268   Code   RO         3109    i.HAL_UART_IRQHandler  stm32f4xx_hal_uart.o
    0x08001fd4   0x08001fd4   0x00000062   Code   RO         3110    i.HAL_UART_Init     stm32f4xx_hal_uart.o
    0x08002036   0x08002036   0x00000002   PAD
    0x08002038   0x08002038   0x00000118   Code   RO          529    i.HAL_UART_MspInit  stm32f4xx_hal_msp.o
    0x08002150   0x08002150   0x0000002a   Code   RO         3115    i.HAL_UART_Receive_IT  stm32f4xx_hal_uart.o
    0x0800217a   0x0800217a   0x00000002   PAD
    0x0800217c   0x0800217c   0x0000009c   Code   RO          211    i.HAL_UART_RxCpltCallback  main.o
    0x08002218   0x08002218   0x000000b2   Code   RO         3118    i.HAL_UART_Transmit  stm32f4xx_hal_uart.o
    0x080022ca   0x080022ca   0x00000002   Code   RO         3121    i.HAL_UART_TxCpltCallback  stm32f4xx_hal_uart.o
    0x080022cc   0x080022cc   0x00000002   Code   RO          440    i.HardFault_Handler  stm32f4xx_it.o
    0x080022ce   0x080022ce   0x00000002   PAD
    0x080022d0   0x080022d0   0x00000064   Code   RO          212    i.MX_ADC1_Init      main.o
    0x08002334   0x08002334   0x000000c8   Code   RO          213    i.MX_GPIO_Init      main.o
    0x080023fc   0x080023fc   0x00000002   Code   RO          441    i.MemManage_Handler  stm32f4xx_it.o
    0x080023fe   0x080023fe   0x00000002   Code   RO          442    i.NMI_Handler       stm32f4xx_it.o
    0x08002400   0x08002400   0x000000ac   Code   RO          214    i.ProcessRMC        main.o
    0x080024ac   0x080024ac   0x00000018   Code   RO          215    i.StartDefaultTask  main.o
    0x080024c4   0x080024c4   0x0000002c   Code   RO         4650    i.SysTick_Handler   port.o
    0x080024f0   0x080024f0   0x00000098   Code   RO          216    i.SystemClock_Config  main.o
    0x08002588   0x08002588   0x00000010   Code   RO          613    i.SystemInit        system_stm32f4xx.o
    0x08002598   0x08002598   0x0000000c   Code   RO          443    i.TIM1_TRG_COM_TIM11_IRQHandler  stm32f4xx_it.o
    0x080025a4   0x080025a4   0x00000098   Code   RO         2203    i.TIM_Base_SetConfig  stm32f4xx_hal_tim.o
    0x0800263c   0x0800263c   0x00000034   Code   RO          217    i.TrataBotao        main.o
    0x08002670   0x08002670   0x0000001c   Code   RO          218    i.TrataDs18b20      main.o
    0x0800268c   0x0800268c   0x00000050   Code   RO          219    i.TrataEsp          main.o
    0x080026dc   0x080026dc   0x00000064   Code   RO          220    i.TrataGps          main.o
    0x08002740   0x08002740   0x0000004c   Code   RO          221    i.TrataLdr          main.o
    0x0800278c   0x0800278c   0x00000050   Code   RO          222    i.TrataPc           main.o
    0x080027dc   0x080027dc   0x000000c0   Code   RO          223    i.TrataServidor     main.o
    0x0800289c   0x0800289c   0x00000010   Code   RO         3123    i.UART_DMAAbortOnError  stm32f4xx_hal_uart.o
    0x080028ac   0x080028ac   0x0000004e   Code   RO         3133    i.UART_EndRxTransfer  stm32f4xx_hal_uart.o
    0x080028fa   0x080028fa   0x000000c0   Code   RO         3135    i.UART_Receive_IT   stm32f4xx_hal_uart.o
    0x080029ba   0x080029ba   0x00000002   PAD
    0x080029bc   0x080029bc   0x0000010c   Code   RO         3136    i.UART_SetConfig    stm32f4xx_hal_uart.o
    0x08002ac8   0x08002ac8   0x0000003a   Code   RO         3138    i.UART_Start_Receive_IT  stm32f4xx_hal_uart.o
    0x08002b02   0x08002b02   0x00000078   Code   RO         3139    i.UART_WaitOnFlagUntilTimeout  stm32f4xx_hal_uart.o
    0x08002b7a   0x08002b7a   0x00000002   PAD
    0x08002b7c   0x08002b7c   0x0000000c   Code   RO          444    i.USART1_IRQHandler  stm32f4xx_it.o
    0x08002b88   0x08002b88   0x0000000c   Code   RO          445    i.USART2_IRQHandler  stm32f4xx_it.o
    0x08002b94   0x08002b94   0x0000000c   Code   RO          446    i.USART6_IRQHandler  stm32f4xx_it.o
    0x08002ba0   0x08002ba0   0x00000002   Code   RO          447    i.UsageFault_Handler  stm32f4xx_it.o
    0x08002ba2   0x08002ba2   0x00000030   Code   RO         5013    i.__ARM_fpclassify  m_wm.l(fpclassify.o)
    0x08002bd2   0x08002bd2   0x00000020   Code   RO         1733    i.__NVIC_SetPriority  stm32f4xx_hal_cortex.o
    0x08002bf2   0x08002bf2   0x00000006   PAD
    0x08002bf8   0x08002bf8   0x00000c50   Code   RO         4857    i.__hardfp_pow      m_wm.l(pow.o)
    0x08003848   0x08003848   0x000000f8   Code   RO         5015    i.__kernel_poly     m_wm.l(poly.o)
    0x08003940   0x08003940   0x00000030   Code   RO         4993    i.__mathlib_dbl_divzero  m_wm.l(dunder.o)
    0x08003970   0x08003970   0x00000014   Code   RO         4995    i.__mathlib_dbl_infnan2  m_wm.l(dunder.o)
    0x08003984   0x08003984   0x00000004   PAD
    0x08003988   0x08003988   0x00000020   Code   RO         4996    i.__mathlib_dbl_invalid  m_wm.l(dunder.o)
    0x080039a8   0x080039a8   0x00000020   Code   RO         4997    i.__mathlib_dbl_overflow  m_wm.l(dunder.o)
    0x080039c8   0x080039c8   0x00000020   Code   RO         4999    i.__mathlib_dbl_underflow  m_wm.l(dunder.o)
    0x080039e8   0x080039e8   0x00000032   Code   RO           13    i.advance_write_pointer  ringbuffer.o
    0x08003a1a   0x08003a1a   0x00000032   Code   RO           16    i.circular_buf_get  ringbuffer.o
    0x08003a4c   0x08003a4c   0x0000001a   Code   RO           17    i.circular_buf_init  ringbuffer.o
    0x08003a66   0x08003a66   0x00000014   Code   RO           18    i.circular_buf_is_empty  ringbuffer.o
    0x08003a7a   0x08003a7a   0x0000001a   Code   RO           21    i.circular_buf_put  ringbuffer.o
    0x08003a94   0x08003a94   0x0000000a   Code   RO           22    i.circular_buf_reset  ringbuffer.o
    0x08003a9e   0x08003a9e   0x00000018   Code   RO         5009    i.fabs              m_wm.l(fabs.o)
    0x08003ab6   0x08003ab6   0x00000002   PAD
    0x08003ab8   0x08003ab8   0x00000150   Code   RO          224    i.main              main.o
    0x08003c08   0x08003c08   0x0000000c   Code   RO         4215    i.makeFreeRtosPriority  cmsis_os.o
    0x08003c14   0x08003c14   0x00000014   Code   RO         4217    i.osDelay           cmsis_os.o
    0x08003c28   0x08003c28   0x0000000a   Code   RO         4220    i.osKernelStart     cmsis_os.o
    0x08003c32   0x08003c32   0x00000054   Code   RO         4254    i.osThreadCreate    cmsis_os.o
    0x08003c86   0x08003c86   0x00000014   Code   RO         4859    i.pow               m_wm.l(pow.o)
    0x08003c9a   0x08003c9a   0x00000002   PAD
    0x08003c9c   0x08003c9c   0x00000070   Code   RO         3897    i.prvAddCurrentTaskToDelayedList  tasks.o
    0x08003d0c   0x08003d0c   0x000000d0   Code   RO         3898    i.prvAddNewTaskToReadyList  tasks.o
    0x08003ddc   0x08003ddc   0x00000034   Code   RO         3899    i.prvDeleteTCB      tasks.o
    0x08003e10   0x08003e10   0x0000004c   Code   RO         4582    i.prvHeapInit       heap_4.o
    0x08003e5c   0x08003e5c   0x00000060   Code   RO         3900    i.prvIdleTask       tasks.o
    0x08003ebc   0x08003ebc   0x00000098   Code   RO         3901    i.prvInitialiseNewTask  tasks.o
    0x08003f54   0x08003f54   0x0000004c   Code   RO         4583    i.prvInsertBlockIntoFreeList  heap_4.o
    0x08003fa0   0x08003fa0   0x00000020   Code   RO         3902    i.prvResetNextTaskUnblockTime  tasks.o
    0x08003fc0   0x08003fc0   0x00000028   Code   RO         4651    i.prvTaskExitError  port.o
    0x08003fe8   0x08003fe8   0x00000014   Code   RO         3444    i.prvTestWaitCondition  event_groups.o
    0x08003ffc   0x08003ffc   0x000000dc   Code   RO         4584    i.pvPortMalloc      heap_4.o
    0x080040d8   0x080040d8   0x0000002c   Code   RO         4652    i.pxPortInitialiseStack  port.o
    0x08004104   0x08004104   0x0000006e   Code   RO         5020    i.sqrt              m_wm.l(sqrt.o)
    0x08004172   0x08004172   0x00000002   PAD
    0x08004174   0x08004174   0x00000068   Code   RO         3905    i.ulTaskNotifyTake  tasks.o
    0x080041dc   0x080041dc   0x00000026   Code   RO         3533    i.uxListRemove      list.o
    0x08004202   0x08004202   0x00000002   PAD
    0x08004204   0x08004204   0x00000018   Code   RO         3910    i.uxTaskResetEventItemValue  tasks.o
    0x0800421c   0x0800421c   0x00000014   Code   RO          403    i.vApplicationGetIdleTaskMemory  freertos.o
    0x08004230   0x08004230   0x00000016   Code   RO         3534    i.vListInitialise   list.o
    0x08004246   0x08004246   0x00000006   Code   RO         3535    i.vListInitialiseItem  list.o
    0x0800424c   0x0800424c   0x00000030   Code   RO         3536    i.vListInsert       list.o
    0x0800427c   0x0800427c   0x00000018   Code   RO         3537    i.vListInsertEnd    list.o
    0x08004294   0x08004294   0x00000040   Code   RO         4654    i.vPortEnterCritical  port.o
    0x080042d4   0x080042d4   0x00000028   Code   RO         4655    i.vPortExitCritical  port.o
    0x080042fc   0x080042fc   0x00000064   Code   RO         4585    i.vPortFree         heap_4.o
    0x08004360   0x08004360   0x00000024   Code   RO         4656    i.vPortSetupTimerInterrupt  port.o
    0x08004384   0x08004384   0x00000054   Code   RO         4657    i.vPortValidateInterruptPriority  port.o
    0x080043d8   0x080043d8   0x0000004c   Code   RO         3911    i.vTaskDelay        tasks.o
    0x08004424   0x08004424   0x000000b4   Code   RO         3916    i.vTaskNotifyGiveFromISR  tasks.o
    0x080044d8   0x080044d8   0x00000050   Code   RO         3918    i.vTaskPlaceOnUnorderedEventList  tasks.o
    0x08004528   0x08004528   0x00000070   Code   RO         3921    i.vTaskRemoveFromUnorderedEventList  tasks.o
    0x08004598   0x08004598   0x0000006c   Code   RO         3924    i.vTaskStartScheduler  tasks.o
    0x08004604   0x08004604   0x00000010   Code   RO         3926    i.vTaskSuspendAll   tasks.o
    0x08004614   0x08004614   0x0000005c   Code   RO         3927    i.vTaskSwitchContext  tasks.o
    0x08004670   0x08004670   0x0000001c   Code   RO         3449    i.xEventGroupCreate  event_groups.o
    0x0800468c   0x0800468c   0x0000008c   Code   RO         3452    i.xEventGroupSetBits  event_groups.o
    0x08004718   0x08004718   0x00000108   Code   RO         3454    i.xEventGroupWaitBits  event_groups.o
    0x08004820   0x08004820   0x000000f4   Code   RO         4658    i.xPortStartScheduler  port.o
    0x08004914   0x08004914   0x0000005a   Code   RO         3930    i.xTaskCreate       tasks.o
    0x0800496e   0x0800496e   0x00000056   Code   RO         3931    i.xTaskCreateStatic  tasks.o
    0x080049c4   0x080049c4   0x0000001c   Code   RO         3935    i.xTaskGetSchedulerState  tasks.o
    0x080049e0   0x080049e0   0x000000cc   Code   RO         3938    i.xTaskIncrementTick  tasks.o
    0x08004aac   0x08004aac   0x000000c4   Code   RO         3944    i.xTaskResumeAll    tasks.o
    0x08004b70   0x08004b70   0x0000002c   Code   RO         5104    locale$$code        c_w.l(lc_ctype_c.o)
    0x08004b9c   0x08004b9c   0x00000018   Code   RO         4968    x$fpl$basic         fz_wm.l(basic.o)
    0x08004bb4   0x08004bb4   0x00000150   Code   RO         4970    x$fpl$dadd          fz_wm.l(daddsub_clz.o)
    0x08004d04   0x08004d04   0x00000010   Code   RO         5075    x$fpl$dcheck1       fz_wm.l(dcheck1.o)
    0x08004d14   0x08004d14   0x00000018   Code   RO         5126    x$fpl$dcmpinf       fz_wm.l(dcmpi.o)
    0x08004d2c   0x08004d2c   0x000002b0   Code   RO         4977    x$fpl$ddiv          fz_wm.l(ddiv.o)
    0x08004fdc   0x08004fdc   0x0000002e   Code   RO         4981    x$fpl$dflt          fz_wm.l(dflt_clz.o)
    0x0800500a   0x0800500a   0x00000002   PAD
    0x0800500c   0x0800500c   0x00000078   Code   RO         5077    x$fpl$dleqf         fz_wm.l(dleqf.o)
    0x08005084   0x08005084   0x00000154   Code   RO         4986    x$fpl$dmul          fz_wm.l(dmul.o)
    0x080051d8   0x080051d8   0x0000009c   Code   RO         5079    x$fpl$dnaninf       fz_wm.l(dnaninf.o)
    0x08005274   0x08005274   0x0000000c   Code   RO         5081    x$fpl$dretinf       fz_wm.l(dretinf.o)
    0x08005280   0x08005280   0x0000006c   Code   RO         4988    x$fpl$drleqf        fz_wm.l(drleqf.o)
    0x080052ec   0x080052ec   0x00000016   Code   RO         4971    x$fpl$drsb          fz_wm.l(daddsub_clz.o)
    0x08005302   0x08005302   0x00000002   PAD
    0x08005304   0x08005304   0x00000198   Code   RO         5083    x$fpl$dsqrt         fz_wm.l(dsqrt_umaal.o)
    0x0800549c   0x0800549c   0x000001d4   Code   RO         4972    x$fpl$dsub          fz_wm.l(daddsub_clz.o)
    0x08005670   0x08005670   0x0000000a   Code   RO         5085    x$fpl$fpinit        fz_wm.l(fpinit.o)
    0x0800567a   0x0800567a   0x00000064   Code   RO         5128    x$fpl$retnan        fz_wm.l(retnan.o)
    0x080056de   0x080056de   0x0000005c   Code   RO         4990    x$fpl$scalbn        fz_wm.l(scalbn.o)
    0x0800573a   0x0800573a   0x00000030   Code   RO         5164    x$fpl$trapveneer    fz_wm.l(trapv.o)
    0x0800576a   0x0800576a   0x00000000   Code   RO         4992    x$fpl$usenofp       fz_wm.l(usenofp.o)
    0x0800576a   0x0800576a   0x00000002   PAD
    0x0800576c   0x0800576c   0x000000e0   Data   RO          226    .constdata          main.o
    0x0800584c   0x0800584c   0x00000010   Data   RO          614    .constdata          system_stm32f4xx.o
    0x0800585c   0x0800585c   0x00000008   Data   RO          615    .constdata          system_stm32f4xx.o
    0x08005864   0x08005864   0x00000028   Data   RO         4802    .constdata          c_w.l(_printf_hex_int.o)
    0x0800588c   0x0800588c   0x00000011   Data   RO         4820    .constdata          c_w.l(__printf_flags.o)
    0x0800589d   0x0800589d   0x00000003   PAD
    0x080058a0   0x080058a0   0x00000088   Data   RO         4860    .constdata          m_wm.l(pow.o)
    0x08005928   0x08005928   0x00000008   Data   RO         5017    .constdata          m_wm.l(qnan.o)
    0x08005930   0x08005930   0x00000066   Data   RO          227    .conststring        main.o
    0x08005996   0x08005996   0x00000002   PAD
    0x08005998   0x08005998   0x00000020   Data   RO         5194    Region$$Table       anon$$obj.o
    0x080059b8   0x080059b8   0x00000110   Data   RO         5103    locale$$data        c_w.l(lc_ctype_c.o)


    Execution Region RW_IRAM1 (Exec base: 0x20000000, Load base: 0x08005ac8, Size: 0x000048c8, Max: 0x00018000, ABSOLUTE)

    Exec Addr    Load Addr    Size         Type   Attr      Idx    E Section Name        Object

    0x20000000   0x08005ac8   0x00000038   Data   RW          228    .data               main.o
    0x20000038   0x08005b00   0x00000004   Data   RW          616    .data               system_stm32f4xx.o
    0x2000003c   0x08005b04   0x0000000c   Data   RW         1877    .data               stm32f4xx_hal.o
    0x20000048   0x08005b10   0x0000003c   Data   RW         3947    .data               tasks.o
    0x20000084   0x08005b4c   0x00000020   Data   RW         4591    .data               heap_4.o
    0x200000a4   0x08005b6c   0x0000000c   Data   RW         4659    .data               port.o
    0x200000b0        -       0x0000022c   Zero   RW          225    .bss                main.o
    0x200002dc        -       0x00000254   Zero   RW          404    .bss                freertos.o
    0x20000530        -       0x00000048   Zero   RW          576    .bss                stm32f4xx_hal_timebase_tim.o
    0x20000578        -       0x000000f0   Zero   RW         3946    .bss                tasks.o
    0x20000668        -       0x00003c00   Zero   RW         4590    .bss                heap_4.o
    0x20004268        -       0x00000060   Zero   RW         5033    .bss                c_w.l(libspace.o)
    0x200042c8        -       0x00000200   Zero   RW            2    HEAP                startup_stm32f401xe.o
    0x200044c8        -       0x00000400   Zero   RW            1    STACK               startup_stm32f401xe.o


==============================================================================

Image component sizes


      Code (inc. data)   RO Data    RW Data    ZI Data      Debug   Object Name

       126          0          0          0          0      24093   cmsis_os.o
       452          4          0          0          0      22539   event_groups.o
        20          4          0          0        596       1236   freertos.o
       472         24          0         32      15360       8015   heap_4.o
       138          0          0          0          0       4010   list.o
      1928        266        326         56        556      46883   main.o
       786         84          0         12          0      12717   port.o
       182          0          0          0          0     437917   ringbuffer.o
        64         26        404          0       1536        836   startup_stm32f401xe.o
        80         14          0         12          0       8350   stm32f4xx_hal.o
      1092         44          0          0          0       5774   stm32f4xx_hal_adc.o
       192         14          0          0          0      34492   stm32f4xx_hal_cortex.o
       182          0          0          0          0       2363   stm32f4xx_hal_dma.o
       530         40          0          0          0       3844   stm32f4xx_hal_gpio.o
       432         36          0          0          0       2503   stm32f4xx_hal_msp.o
      1408         82          0          0          0       6437   stm32f4xx_hal_rcc.o
       718         50          0          0          0       8060   stm32f4xx_hal_tim.o
         4          0          0          0          0       1857   stm32f4xx_hal_tim_ex.o
       116         18          0          0         72       1428   stm32f4xx_hal_timebase_tim.o
      1672         16          0          0          0      12440   stm32f4xx_hal_uart.o
        68         24          0          0          0       4968   stm32f4xx_it.o
         0          0          0          0          0        392   stream_buffer.o
        16          4         24          4          0       1139   system_stm32f4xx.o
      2048        150          0         60        240      27028   tasks.o

    ----------------------------------------------------------------------
     12756        900        788        176      18360     679321   Object Totals
         0          0         32          0          0          0   (incl. Generated)
        30          0          2          0          0          0   (incl. Padding)

    ----------------------------------------------------------------------

      Code (inc. data)   RO Data    RW Data    ZI Data      Debug   Library Member Name

         8          0          0          0          0         68   __main.o
       148          4         17          0          0         84   __printf_flags.o
         0          0          0          0          0          0   __rtentry.o
        12          0          0          0          0          0   __rtentry2.o
         6          0          0          0          0          0   __rtentry4.o
        52          8          0          0          0          0   __scatter.o
        26          0          0          0          0          0   __scatter_copy.o
        28          0          0          0          0          0   __scatter_zi.o
        28          0          0          0          0         68   _chval.o
        48          6          0          0          0         96   _printf_char_common.o
        88          4         40          0          0         88   _printf_hex_int.o
       178          0          0          0          0         88   _printf_intcommon.o
         0          0          0          0          0          0   _printf_percent.o
         4          0          0          0          0          0   _printf_percent_end.o
         6          0          0          0          0          0   _printf_x.o
        22          0          0          0          0        100   _rserrno.o
        10          0          0          0          0         68   _sputc.o
       158          0          0          0          0         92   _strtoul.o
        26          0          0          0          0         80   atoi.o
        10          0          0          0          0         68   defsig_exit.o
        50          0          0          0          0         88   defsig_general.o
        80         58          0          0          0         76   defsig_rtmem_inner.o
        14          0          0          0          0         80   defsig_rtmem_outer.o
        18          0          0          0          0         80   exit.o
        94          0          0          0          0         80   h1_alloc.o
        52          0          0          0          0         68   h1_extend.o
        78          0          0          0          0         80   h1_free.o
        14          0          0          0          0         84   h1_init.o
         6          0          0          0          0        152   heapauxi.o
         4          0          0          0          0        136   hguard.o
         0          0          0          0          0          0   indicate_semi.o
       138          0          0          0          0        168   init_alloc.o
        44         10        272          0          0         76   lc_ctype_c.o
         2          0          0          0          0          0   libinit.o
        32          0          0          0          0          0   libinit2.o
         2          0          0          0          0          0   libshutdown.o
         2          0          0          0          0          0   libshutdown2.o
         8          4          0          0         96         68   libspace.o
       238          0          0          0          0        100   lludivv7m.o
         0          0          0          0          0          0   maybetermalloc1.o
        40          6          0          0          0         84   noretval__2sprintf.o
        16          4          0          0          0         76   rt_ctype_table.o
         8          4          0          0          0         68   rt_errno_addr_intlibspace.o
         8          4          0          0          0         68   rt_heap_descriptor_intlibspace.o
         8          4          0          0          0         68   rt_locale_intlibspace.o
        78          0          0          0          0         80   rt_memclr_w.o
       100          0          0          0          0         80   rt_memcpy_w.o
         2          0          0          0          0          0   rtexit.o
        10          0          0          0          0          0   rtexit2.o
       128          0          0          0          0         68   strcmpv7m.o
        62          0          0          0          0         76   strlen.o
       112          0          0          0          0         88   strtol.o
        12          4          0          0          0         68   sys_exit.o
        74          0          0          0          0         80   sys_stackheap_outer.o
        14          0          0          0          0         76   sys_wrch.o
         2          0          0          0          0         68   use_no_semi.o
        24          0          0          0          0        164   basic.o
       826         16          0          0          0        492   daddsub_clz.o
        16          4          0          0          0        116   dcheck1.o
        24          0          0          0          0        116   dcmpi.o
       688        140          0          0          0        256   ddiv.o
        46          0          0          0          0        116   dflt_clz.o
       120          4          0          0          0        140   dleqf.o
       340         12          0          0          0        152   dmul.o
       156          4          0          0          0        140   dnaninf.o
        12          0          0          0          0        116   dretinf.o
       108          0          0          0          0        128   drleqf.o
       408         56          0          0          0        168   dsqrt_umaal.o
        10          0          0          0          0        116   fpinit.o
       100          0          0          0          0        116   retnan.o
        92          0          0          0          0        116   scalbn.o
        48          0          0          0          0        116   trapv.o
         0          0          0          0          0          0   usenofp.o
       164         44          0          0          0        620   dunder.o
        24          0          0          0          0        124   fabs.o
        48          0          0          0          0        124   fpclassify.o
       248          0          0          0          0        152   poly.o
      3172        296        136          0          0        476   pow.o
         0          0          8          0          0          0   qnan.o
       110          0          0          0          0        148   sqrt.o

    ----------------------------------------------------------------------
      9220        696        476          0         96       7496   Library Totals
        28          0          3          0          0          0   (incl. Padding)

    ----------------------------------------------------------------------

      Code (inc. data)   RO Data    RW Data    ZI Data      Debug   Library Name

      2408        120        329          0         96       3284   c_w.l
      3018        236          0          0          0       2568   fz_wm.l
      3766        340        144          0          0       1644   m_wm.l

    ----------------------------------------------------------------------
      9220        696        476          0         96       7496   Library Totals

    ----------------------------------------------------------------------

==============================================================================


      Code (inc. data)   RO Data    RW Data    ZI Data      Debug   

     21976       1596       1264        176      18456     669245   Grand Totals
     21976       1596       1264        176      18456     669245   ELF Image Totals
     21976       1596       1264        176          0          0   ROM Totals

==============================================================================

    Total RO  Size (Code + RO Data)                23240 (  22.70kB)
    Total RW  Size (RW Data + ZI Data)             18632 (  18.20kB)
    Total ROM Size (Code + RO Data + RW Data)      23416 (  22.87kB)

==============================================================================

